Archive member included to satisfy reference by file (symbol)

c:/program files (x86)/atmel/studio/7.0/toolchain/arm/arm-gnu-toolchain/bin/../lib/gcc/arm-none-eabi/6.3.1/thumb/v6-m\libgcc.a(_udivsi3.o)
                              src/ASF/common2/services/delay/sam0/systick_counter.o (__aeabi_uidiv)
c:/program files (x86)/atmel/studio/7.0/toolchain/arm/arm-gnu-toolchain/bin/../lib/gcc/arm-none-eabi/6.3.1/thumb/v6-m\libgcc.a(_divsi3.o)
                              src/ASF/thirdparty/fatfs/fatfs-r0.09/src/ff.o (__aeabi_idiv)
c:/program files (x86)/atmel/studio/7.0/toolchain/arm/arm-gnu-toolchain/bin/../lib/gcc/arm-none-eabi/6.3.1/thumb/v6-m\libgcc.a(_dvmd_tls.o)
                              c:/program files (x86)/atmel/studio/7.0/toolchain/arm/arm-gnu-toolchain/bin/../lib/gcc/arm-none-eabi/6.3.1/thumb/v6-m\libgcc.a(_udivsi3.o) (__aeabi_idiv0)
c:/program files (x86)/atmel/studio/7.0/toolchain/arm/arm-gnu-toolchain/bin/../lib/gcc/arm-none-eabi/6.3.1/thumb/v6-m\libgcc.a(_muldi3.o)
                              src/ASF/sam0/drivers/sercom/sercom.o (__aeabi_lmul)
c:/program files (x86)/atmel/studio/7.0/toolchain/arm/arm-gnu-toolchain/bin/../lib/gcc/arm-none-eabi/6.3.1/thumb/v6-m\libgcc.a(adddf3.o)
                              src/ASF/sam0/drivers/sercom/i2c/i2c_sam0/i2c_master.o (__aeabi_dadd)
c:/program files (x86)/atmel/studio/7.0/toolchain/arm/arm-gnu-toolchain/bin/../lib/gcc/arm-none-eabi/6.3.1/thumb/v6-m\libgcc.a(divdf3.o)
                              src/ASF/sam0/drivers/sercom/i2c/i2c_sam0/i2c_master.o (__aeabi_ddiv)
c:/program files (x86)/atmel/studio/7.0/toolchain/arm/arm-gnu-toolchain/bin/../lib/gcc/arm-none-eabi/6.3.1/thumb/v6-m\libgcc.a(muldf3.o)
                              src/ASF/sam0/drivers/sercom/i2c/i2c_sam0/i2c_master.o (__aeabi_dmul)
c:/program files (x86)/atmel/studio/7.0/toolchain/arm/arm-gnu-toolchain/bin/../lib/gcc/arm-none-eabi/6.3.1/thumb/v6-m\libgcc.a(subdf3.o)
                              src/ASF/sam0/drivers/sercom/i2c/i2c_sam0/i2c_master.o (__aeabi_dsub)
c:/program files (x86)/atmel/studio/7.0/toolchain/arm/arm-gnu-toolchain/bin/../lib/gcc/arm-none-eabi/6.3.1/thumb/v6-m\libgcc.a(fixdfsi.o)
                              src/ASF/sam0/drivers/sercom/i2c/i2c_sam0/i2c_master.o (__aeabi_d2iz)
c:/program files (x86)/atmel/studio/7.0/toolchain/arm/arm-gnu-toolchain/bin/../lib/gcc/arm-none-eabi/6.3.1/thumb/v6-m\libgcc.a(floatunsidf.o)
                              src/ASF/sam0/drivers/sercom/i2c/i2c_sam0/i2c_master.o (__aeabi_ui2d)
c:/program files (x86)/atmel/studio/7.0/toolchain/arm/arm-gnu-toolchain/bin/../lib/gcc/arm-none-eabi/6.3.1/thumb/v6-m\libgcc.a(_clzsi2.o)
                              c:/program files (x86)/atmel/studio/7.0/toolchain/arm/arm-gnu-toolchain/bin/../lib/gcc/arm-none-eabi/6.3.1/thumb/v6-m\libgcc.a(adddf3.o) (__clzsi2)
c:/program files (x86)/atmel/studio/7.0/toolchain/arm/arm-gnu-toolchain/bin/../lib/gcc/arm-none-eabi/6.3.1/../../../../arm-none-eabi/lib/thumb/v6-m\libc_nano.a(lib_a-exit.o)
                              c:/program files (x86)/atmel/studio/7.0/toolchain/arm/arm-gnu-toolchain/bin/../lib/gcc/arm-none-eabi/6.3.1/../../../../arm-none-eabi/lib/thumb/v6-m/crt0.o (exit)
c:/program files (x86)/atmel/studio/7.0/toolchain/arm/arm-gnu-toolchain/bin/../lib/gcc/arm-none-eabi/6.3.1/../../../../arm-none-eabi/lib/thumb/v6-m\libc_nano.a(lib_a-impure.o)
                              c:/program files (x86)/atmel/studio/7.0/toolchain/arm/arm-gnu-toolchain/bin/../lib/gcc/arm-none-eabi/6.3.1/../../../../arm-none-eabi/lib/thumb/v6-m\libc_nano.a(lib_a-exit.o) (_global_impure_ptr)
c:/program files (x86)/atmel/studio/7.0/toolchain/arm/arm-gnu-toolchain/bin/../lib/gcc/arm-none-eabi/6.3.1/../../../../arm-none-eabi/lib/thumb/v6-m\libc_nano.a(lib_a-init.o)
                              c:/program files (x86)/atmel/studio/7.0/toolchain/arm/arm-gnu-toolchain/bin/../lib/gcc/arm-none-eabi/6.3.1/../../../../arm-none-eabi/lib/thumb/v6-m/crt0.o (__libc_init_array)
c:/program files (x86)/atmel/studio/7.0/toolchain/arm/arm-gnu-toolchain/bin/../lib/gcc/arm-none-eabi/6.3.1/../../../../arm-none-eabi/lib/thumb/v6-m\libc_nano.a(lib_a-malloc.o)
                              src/SerialConsole/circular_buffer.o (malloc)
c:/program files (x86)/atmel/studio/7.0/toolchain/arm/arm-gnu-toolchain/bin/../lib/gcc/arm-none-eabi/6.3.1/../../../../arm-none-eabi/lib/thumb/v6-m\libc_nano.a(lib_a-memset.o)
                              c:/program files (x86)/atmel/studio/7.0/toolchain/arm/arm-gnu-toolchain/bin/../lib/gcc/arm-none-eabi/6.3.1/../../../../arm-none-eabi/lib/thumb/v6-m/crt0.o (memset)
c:/program files (x86)/atmel/studio/7.0/toolchain/arm/arm-gnu-toolchain/bin/../lib/gcc/arm-none-eabi/6.3.1/../../../../arm-none-eabi/lib/thumb/v6-m\libc_nano.a(lib_a-nano-freer.o)
                              c:/program files (x86)/atmel/studio/7.0/toolchain/arm/arm-gnu-toolchain/bin/../lib/gcc/arm-none-eabi/6.3.1/../../../../arm-none-eabi/lib/thumb/v6-m\libc_nano.a(lib_a-malloc.o) (_free_r)
[...]
Memory Configuration

Name             Origin             Length             Attributes
rom              0x00000000         0x00040000         xr
ram              0x20000000         0x00008000         xrw
*default*        0x00000000         0xffffffff

Linker script and memory map

LOAD c:/program files (x86)/atmel/studio/7.0/toolchain/arm/arm-gnu-toolchain/bin/../lib/gcc/arm-none-eabi/6.3.1/thumb/v6-m/crti.o
LOAD c:/program files (x86)/atmel/studio/7.0/toolchain/arm/arm-gnu-toolchain/bin/../lib/gcc/arm-none-eabi/6.3.1/thumb/v6-m/crtbegin.o
LOAD c:/program files (x86)/atmel/studio/7.0/toolchain/arm/arm-gnu-toolchain/bin/../lib/gcc/arm-none-eabi/6.3.1/../../../../arm-none-eabi/lib/thumb/v6-m/crt0.o
LOAD src/ASF/common2/services/delay/sam0/systick_counter.o
LOAD src/Systick/Systick.o
LOAD src/ASF/common/services/crc32/crc32.o
LOAD src/ASF/sam0/boards/board_init.o
LOAD src/ASF/sam0/drivers/dsu/crc32/crc32.o
LOAD src/ASF/sam0/drivers/nvm/nvm.o
LOAD src/ASF/sam0/drivers/pac/pac_sam_d_r_h/pac.o
LOAD src/ASF/sam0/drivers/sercom/i2c/i2c_sam0/i2c_master.o
LOAD src/SD Card/SdCard.o
LOAD src/SerialConsole/circular_buffer.o
LOAD src/SerialConsole/SerialConsole.o
LOAD src/ASF/common2/components/memory/sd_mmc/sd_mmc.o
LOAD src/ASF/common2/components/memory/sd_mmc/sd_mmc_mem.o
LOAD src/ASF/common2/components/memory/sd_mmc/sd_mmc_spi.o
LOAD src/ASF/common/services/storage/ctrl_access/ctrl_access.o
LOAD src/ASF/common/utils/interrupt/interrupt_sam_nvic.o
LOAD src/ASF/sam0/drivers/port/port.o
LOAD src/ASF/sam0/drivers/rtc/rtc_sam_d_r_h/rtc_calendar.o
LOAD src/ASF/sam0/drivers/sercom/sercom.o
LOAD src/ASF/sam0/drivers/sercom/sercom_interrupt.o
LOAD src/ASF/sam0/drivers/sercom/spi/spi.o
LOAD src/ASF/sam0/drivers/sercom/spi/spi_interrupt.o
LOAD src/ASF/sam0/drivers/sercom/usart/usart.o
LOAD src/ASF/sam0/drivers/sercom/usart/usart_interrupt.o
LOAD src/ASF/sam0/drivers/system/clock/clock_samd21_r21_da_ha1/clock.o
LOAD src/ASF/sam0/drivers/system/clock/clock_samd21_r21_da_ha1/gclk.o
LOAD src/ASF/sam0/drivers/system/interrupt/system_interrupt.o
LOAD src/ASF/sam0/drivers/system/pinmux/pinmux.o
LOAD src/ASF/sam0/drivers/system/system.o
LOAD src/ASF/sam0/utils/cmsis/samd21/source/gcc/startup_samd21.o
LOAD src/ASF/sam0/utils/cmsis/samd21/source/system_samd21.o
LOAD src/ASF/sam0/utils/stdio/read.o
LOAD src/ASF/sam0/utils/stdio/write.o
LOAD src/ASF/sam0/utils/syscalls/gcc/syscalls.o
LOAD src/ASF/thirdparty/fatfs/fatfs-port-r0.09/diskio.o
LOAD src/ASF/thirdparty/fatfs/fatfs-port-r0.09/sam0/fattime_rtc.o
LOAD src/ASF/thirdparty/fatfs/fatfs-r0.09/src/ff.o
LOAD src/ASF/thirdparty/fatfs/fatfs-r0.09/src/option/ccsbcs.o
LOAD src/BootMain.o
START GROUP
LOAD ../src/ASF/thirdparty/CMSIS/Lib/GCC\libarm_cortexM0l_math.a
LOAD c:/program files (x86)/atmel/studio/7.0/toolchain/arm/arm-gnu-toolchain/bin/../lib/gcc/arm-none-eabi/6.3.1/../../../../arm-none-eabi/lib/thumb/v6-m\libm.a
END GROUP
                0x00002000                __stack_size__ = 0x2000
START GROUP
LOAD c:/program files (x86)/atmel/studio/7.0/toolchain/arm/arm-gnu-toolchain/bin/../lib/gcc/arm-none-eabi/6.3.1/thumb/v6-m\libgcc.a
LOAD c:/program files (x86)/atmel/studio/7.0/toolchain/arm/arm-gnu-toolchain/bin/../lib/gcc/arm-none-eabi/6.3.1/../../../../arm-none-eabi/lib/thumb/v6-m\libc_nano.a
END GROUP
START GROUP
LOAD c:/program files (x86)/atmel/studio/7.0/toolchain/arm/arm-gnu-toolchain/bin/../lib/gcc/arm-none-eabi/6.3.1/thumb/v6-m\libgcc.a
LOAD c:/program files (x86)/atmel/studio/7.0/toolchain/arm/arm-gnu-toolchain/bin/../lib/gcc/arm-none-eabi/6.3.1/../../../../arm-none-eabi/lib/thumb/v6-m\libc_nano.a
END GROUP
LOAD c:/program files (x86)/atmel/studio/7.0/toolchain/arm/arm-gnu-toolchain/bin/../lib/gcc/arm-none-eabi/6.3.1/thumb/v6-m/crtend.o
LOAD c:/program files (x86)/atmel/studio/7.0/toolchain/arm/arm-gnu-toolchain/bin/../lib/gcc/arm-none-eabi/6.3.1/thumb/v6-m/crtn.o
                0x00002000                STACK_SIZE = DEFINED (STACK_SIZE)?STACK_SIZE:DEFINED (__stack_size__)?__stack_size__:0x2000

.text           0x00000000     0x7cb8
                0x00000000                . = ALIGN (0x4)
                0x00000000                _sfixed = .
 *(.vectors .vectors.*)
 .vectors       0x00000000       0xb4 src/ASF/sam0/utils/cmsis/samd21/source/gcc/startup_samd21.o
                0x00000000                exception_table
 *(.text .text.* .gnu.linkonce.t.*)
 .text          0x000000b4       0x60 c:/program files (x86)/atmel/studio/7.0/toolchain/arm/arm-gnu-toolchain/bin/../lib/gcc/arm-none-eabi/6.3.1/thumb/v6-m/crtbegin.o
 .text.delay_init
                0x00000114       0x40 src/ASF/common2/services/delay/sam0/systick_counter.o
                0x00000114                delay_init
 .text.delay_cycles_ms
                0x00000154       0x2c src/ASF/common2/services/delay/sam0/systick_counter.o
                0x00000154                delay_cycles_ms
 .text.GetSystick
                0x00000180        0xc src/Systick/Systick.o
                0x00000180                GetSystick
 .text.SysTick_Handler
                0x0000018c       0x10 src/Systick/Systick.o
                0x0000018c                SysTick_Handler
 .text.system_board_init
                0x0000019c       0x38 src/ASF/sam0/boards/board_init.o
                0x0000019c                board_init
                0x0000019c                system_board_init
 .text.nvm_set_config
                0x000001d4       0x88 src/ASF/sam0/drivers/nvm/nvm.o
                0x000001d4                nvm_set_config
 .text.nvm_execute_command
                0x0000025c       0xa0 src/ASF/sam0/drivers/nvm/nvm.o
                0x0000025c                nvm_execute_command
 .text.nvm_write_buffer
                0x000002fc       0xa8 src/ASF/sam0/drivers/nvm/nvm.o
                0x000002fc                nvm_write_buffer
 .text.nvm_erase_row
                0x000003a4       0x5c src/ASF/sam0/drivers/nvm/nvm.o
                0x000003a4                nvm_erase_row
 .text.nvm_get_parameters
                0x00000400       0x58 src/ASF/sam0/drivers/nvm/nvm.o
                0x00000400                nvm_get_parameters
 .text.SdCard_Initiate
                0x00000458       0x54 src/SD Card/SdCard.o
                0x00000458                SdCard_Initiate
 .text.advance_pointer
                0x000004ac       0x34 src/SerialConsole/circular_buffer.o
 .text.circular_buf_init
                0x000004e0       0x20 src/SerialConsole/circular_buffer.o
                0x000004e0                circular_buf_init
 .text.circular_buf_put
                0x00000500       0x14 src/SerialConsole/circular_buffer.o
                0x00000500                circular_buf_put
 .text.circular_buf_empty
                0x00000514       0x18 src/SerialConsole/circular_buffer.o
                0x00000514                circular_buf_empty
 .text.circular_buf_get
                0x0000052c       0x38 src/SerialConsole/circular_buffer.o
                0x0000052c                circular_buf_get
 .text.usart_serial_getchar
                0x00000564       0x2c src/SerialConsole/SerialConsole.o
 .text.usart_serial_putchar
                0x00000590       0x18 src/SerialConsole/SerialConsole.o
 .text.usart_write_callback
                0x000005a8       0x30 src/SerialConsole/SerialConsole.o
                0x000005a8                usart_write_callback
 .text.InitializeSerialConsole
                0x000005d8      0x168 src/SerialConsole/SerialConsole.o
                0x000005d8                InitializeSerialConsole
 .text.DeinitializeSerialConsole
                0x00000740       0x38 src/SerialConsole/SerialConsole.o
                0x00000740                DeinitializeSerialConsole
 .text.SerialConsoleWriteString
                0x00000778       0x74 src/SerialConsole/SerialConsole.o
                0x00000778                SerialConsoleWriteString
 .text.usart_read_callback
                0x000007ec       0x54 src/SerialConsole/SerialConsole.o
                0x000007ec                usart_read_callback
 .text.LogMessage
                0x00000840        0x6 src/SerialConsole/SerialConsole.o
                0x00000840                LogMessage
 *fill*         0x00000846        0x2 
 .text.sd_mmc_configure_slot
                0x00000848       0x28 src/ASF/common2/components/memory/sd_mmc/sd_mmc.o
 .text.sd_mmc_select_slot
                0x00000870       0x5c src/ASF/common2/components/memory/sd_mmc/sd_mmc.o
 .text.sd_mmc_cmd13
                0x000008cc       0x38 src/ASF/common2/components/memory/sd_mmc/sd_mmc.o
 .text.sd_mmc_cmd9_spi
                0x00000904       0x4c src/ASF/common2/components/memory/sd_mmc/sd_mmc.o
 .text.sd_mmc_deselect_slot
                0x00000950       0x1c src/ASF/common2/components/memory/sd_mmc/sd_mmc.o
 .text.sd_mmc_init
                0x0000096c       0x20 src/ASF/common2/components/memory/sd_mmc/sd_mmc.o
                0x0000096c                sd_mmc_init
 .text.sd_mmc_check
                0x0000098c      0x4b0 src/ASF/common2/components/memory/sd_mmc/sd_mmc.o
                0x0000098c                sd_mmc_check
 .text.sd_mmc_get_type
                0x00000e3c       0x28 src/ASF/common2/components/memory/sd_mmc/sd_mmc.o
                0x00000e3c                sd_mmc_get_type
 .text.sd_mmc_get_capacity
                0x00000e64       0x28 src/ASF/common2/components/memory/sd_mmc/sd_mmc.o
                0x00000e64                sd_mmc_get_capacity
 .text.sd_mmc_is_write_protected
                0x00000e8c        0x4 src/ASF/common2/components/memory/sd_mmc/sd_mmc.o
                0x00000e8c                sd_mmc_is_write_protected
 .text.sd_mmc_init_read_blocks
                0x00000e90       0x88 src/ASF/common2/components/memory/sd_mmc/sd_mmc.o
                0x00000e90                sd_mmc_init_read_blocks
 .text.sd_mmc_start_read_blocks
                0x00000f18       0x2c src/ASF/common2/components/memory/sd_mmc/sd_mmc.o
                0x00000f18                sd_mmc_start_read_blocks
 .text.sd_mmc_wait_end_of_read_blocks
                0x00000f44       0x70 src/ASF/common2/components/memory/sd_mmc/sd_mmc.o
                0x00000f44                sd_mmc_wait_end_of_read_blocks
 .text.sd_mmc_init_write_blocks
                0x00000fb4       0x70 src/ASF/common2/components/memory/sd_mmc/sd_mmc.o
                0x00000fb4                sd_mmc_init_write_blocks
 .text.sd_mmc_start_write_blocks
                0x00001024       0x2c src/ASF/common2/components/memory/sd_mmc/sd_mmc.o
                0x00001024                sd_mmc_start_write_blocks
 .text.sd_mmc_wait_end_of_write_blocks
                0x00001050       0x50 src/ASF/common2/components/memory/sd_mmc/sd_mmc.o
                0x00001050                sd_mmc_wait_end_of_write_blocks
 .text.sd_mmc_test_unit_ready
                0x000010a0       0x50 src/ASF/common2/components/memory/sd_mmc/sd_mmc_mem.o
                0x000010a0                sd_mmc_test_unit_ready
 .text.sd_mmc_test_unit_ready_0
                0x000010f0       0x10 src/ASF/common2/components/memory/sd_mmc/sd_mmc_mem.o
                0x000010f0                sd_mmc_test_unit_ready_0
 .text.sd_mmc_read_capacity
                0x00001100       0x20 src/ASF/common2/components/memory/sd_mmc/sd_mmc_mem.o
                0x00001100                sd_mmc_read_capacity
 .text.sd_mmc_read_capacity_0
                0x00001120       0x10 src/ASF/common2/components/memory/sd_mmc/sd_mmc_mem.o
                0x00001120                sd_mmc_read_capacity_0
 .text.sd_mmc_wr_protect_0
                0x00001130       0x10 src/ASF/common2/components/memory/sd_mmc/sd_mmc_mem.o
                0x00001130                sd_mmc_wr_protect_0
 .text.sd_mmc_mem_2_ram
                0x00001140       0x44 src/ASF/common2/components/memory/sd_mmc/sd_mmc_mem.o
                0x00001140                sd_mmc_mem_2_ram
 .text.sd_mmc_mem_2_ram_0
                0x00001184       0x14 src/ASF/common2/components/memory/sd_mmc/sd_mmc_mem.o
                0x00001184                sd_mmc_mem_2_ram_0
 .text.sd_mmc_ram_2_mem
                0x00001198       0x44 src/ASF/common2/components/memory/sd_mmc/sd_mmc_mem.o
                0x00001198                sd_mmc_ram_2_mem
 .text.sd_mmc_ram_2_mem_0
                0x000011dc       0x14 src/ASF/common2/components/memory/sd_mmc/sd_mmc_mem.o
                0x000011dc                sd_mmc_ram_2_mem_0
 .text.sd_mmc_spi_start_write_block
                0x000011f0       0x48 src/ASF/common2/components/memory/sd_mmc/sd_mmc_spi.o
 .text.sd_mmc_spi_wait_busy
                0x00001238       0x64 src/ASF/common2/components/memory/sd_mmc/sd_mmc_spi.o
 .text.sd_mmc_spi_stop_multiwrite_block
                0x0000129c       0x78 src/ASF/common2/components/memory/sd_mmc/sd_mmc_spi.o
 .text.sd_mmc_spi_start_read_block
                0x00001314       0x6c src/ASF/common2/components/memory/sd_mmc/sd_mmc_spi.o
 .text.sd_mmc_spi_stop_write_block
                0x00001380       0x70 src/ASF/common2/components/memory/sd_mmc/sd_mmc_spi.o
 .text.sd_mmc_deinit
                0x000013f0       0x14 src/ASF/common2/components/memory/sd_mmc/sd_mmc_spi.o
                0x000013f0                sd_mmc_deinit
 .text.sd_mmc_spi_init
                0x00001404      0x100 src/ASF/common2/components/memory/sd_mmc/sd_mmc_spi.o
                0x00001404                sd_mmc_spi_init
 .text.sd_mmc_spi_select_device
                0x00001504       0x54 src/ASF/common2/components/memory/sd_mmc/sd_mmc_spi.o
                0x00001504                sd_mmc_spi_select_device
 .text.sd_mmc_spi_deselect_device
                0x00001558       0x28 src/ASF/common2/components/memory/sd_mmc/sd_mmc_spi.o
                0x00001558                sd_mmc_spi_deselect_device
 .text.sd_mmc_spi_send_clock
                0x00001580       0x38 src/ASF/common2/components/memory/sd_mmc/sd_mmc_spi.o
                0x00001580                sd_mmc_spi_send_clock
 .text.sd_mmc_spi_adtc_start
                0x000015b8      0x190 src/ASF/common2/components/memory/sd_mmc/sd_mmc_spi.o
                0x000015b8                sd_mmc_spi_adtc_start
 .text.sd_mmc_spi_send_cmd
                0x00001748       0x18 src/ASF/common2/components/memory/sd_mmc/sd_mmc_spi.o
                0x00001748                sd_mmc_spi_send_cmd
 .text.sd_mmc_spi_get_response
                0x00001760        0xc src/ASF/common2/components/memory/sd_mmc/sd_mmc_spi.o
                0x00001760                sd_mmc_spi_get_response
 .text.sd_mmc_spi_read_word
                0x0000176c       0x78 src/ASF/common2/components/memory/sd_mmc/sd_mmc_spi.o
                0x0000176c                sd_mmc_spi_read_word
 .text.sd_mmc_spi_start_read_blocks
                0x000017e4       0x8c src/ASF/common2/components/memory/sd_mmc/sd_mmc_spi.o
                0x000017e4                sd_mmc_spi_start_read_blocks
 .text.sd_mmc_spi_wait_end_of_read_blocks
                0x00001870        0x4 src/ASF/common2/components/memory/sd_mmc/sd_mmc_spi.o
                0x00001870                sd_mmc_spi_wait_end_of_read_blocks
 .text.sd_mmc_spi_start_write_blocks
                0x00001874       0x80 src/ASF/common2/components/memory/sd_mmc/sd_mmc_spi.o
                0x00001874                sd_mmc_spi_start_write_blocks
 .text.sd_mmc_spi_wait_end_of_write_blocks
                0x000018f4       0x24 src/ASF/common2/components/memory/sd_mmc/sd_mmc_spi.o
                0x000018f4                sd_mmc_spi_wait_end_of_write_blocks
 .text.mem_test_unit_ready
                0x00001918       0x18 src/ASF/common/services/storage/ctrl_access/ctrl_access.o
                0x00001918                mem_test_unit_ready
 .text.mem_read_capacity
                0x00001930       0x1c src/ASF/common/services/storage/ctrl_access/ctrl_access.o
                0x00001930                mem_read_capacity
 .text.mem_sector_size
                0x0000194c        0x8 src/ASF/common/services/storage/ctrl_access/ctrl_access.o
                0x0000194c                mem_sector_size
 .text.mem_wr_protect
                0x00001954       0x18 src/ASF/common/services/storage/ctrl_access/ctrl_access.o
                0x00001954                mem_wr_protect
 .text.memory_2_ram
                0x0000196c       0x20 src/ASF/common/services/storage/ctrl_access/ctrl_access.o
                0x0000196c                memory_2_ram
 .text.ram_2_memory
                0x0000198c       0x20 src/ASF/common/services/storage/ctrl_access/ctrl_access.o
                0x0000198c                ram_2_memory
 .text.cpu_irq_enter_critical
                0x000019ac       0x40 src/ASF/common/utils/interrupt/interrupt_sam_nvic.o
                0x000019ac                cpu_irq_enter_critical
 .text.cpu_irq_leave_critical
                0x000019ec       0x30 src/ASF/common/utils/interrupt/interrupt_sam_nvic.o
                0x000019ec                cpu_irq_leave_critical
 .text.port_pin_set_config
                0x00001a1c       0x24 src/ASF/sam0/drivers/port/port.o
                0x00001a1c                port_pin_set_config
 .text.rtc_calendar_enable
                0x00001a40       0x14 src/ASF/sam0/drivers/rtc/rtc_sam_d_r_h/rtc_calendar.o
                0x00001a40                rtc_calendar_enable
 .text.rtc_calendar_disable
                0x00001a54       0x1a src/ASF/sam0/drivers/rtc/rtc_sam_d_r_h/rtc_calendar.o
                0x00001a54                rtc_calendar_disable
 *fill*         0x00001a6e        0x2 
 .text.rtc_calendar_reset
                0x00001a70       0x24 src/ASF/sam0/drivers/rtc/rtc_sam_d_r_h/rtc_calendar.o
                0x00001a70                rtc_calendar_reset
 .text.rtc_calendar_time_to_register_value
                0x00001a94       0x3a src/ASF/sam0/drivers/rtc/rtc_sam_d_r_h/rtc_calendar.o
                0x00001a94                rtc_calendar_time_to_register_value
 .text.rtc_calendar_register_value_to_time
                0x00001ace       0x3e src/ASF/sam0/drivers/rtc/rtc_sam_d_r_h/rtc_calendar.o
                0x00001ace                rtc_calendar_register_value_to_time
 .text.rtc_calendar_get_time
                0x00001b0c       0x48 src/ASF/sam0/drivers/rtc/rtc_sam_d_r_h/rtc_calendar.o
                0x00001b0c                rtc_calendar_get_time
 .text.rtc_calendar_set_alarm
                0x00001b54       0x30 src/ASF/sam0/drivers/rtc/rtc_sam_d_r_h/rtc_calendar.o
                0x00001b54                rtc_calendar_set_alarm
 .text.rtc_calendar_init
                0x00001b84       0x94 src/ASF/sam0/drivers/rtc/rtc_sam_d_r_h/rtc_calendar.o
                0x00001b84                rtc_calendar_init
 .text.long_division
                0x00001c18       0xba src/ASF/sam0/drivers/sercom/sercom.o
 .text._sercom_get_sync_baud_val
                0x00001cd2       0x28 src/ASF/sam0/drivers/sercom/sercom.o
                0x00001cd2                _sercom_get_sync_baud_val
 *fill*         0x00001cfa        0x2 
 .text._sercom_get_async_baud_val
                0x00001cfc       0x94 src/ASF/sam0/drivers/sercom/sercom.o
                0x00001cfc                _sercom_get_async_baud_val
 .text.sercom_set_gclk_generator
                0x00001d90       0x4c src/ASF/sam0/drivers/sercom/sercom.o
                0x00001d90                sercom_set_gclk_generator
 .text._sercom_get_default_pad
                0x00001ddc      0x178 src/ASF/sam0/drivers/sercom/sercom.o
                0x00001ddc                _sercom_get_default_pad
 .text._sercom_get_sercom_inst_index
                0x00001f54       0x38 src/ASF/sam0/drivers/sercom/sercom.o
                0x00001f54                _sercom_get_sercom_inst_index
 .text._sercom_default_handler
                0x00001f8c        0x2 src/ASF/sam0/drivers/sercom/sercom_interrupt.o
 *fill*         0x00001f8e        0x2 
 .text._sercom_set_handler
                0x00001f90       0x3c src/ASF/sam0/drivers/sercom/sercom_interrupt.o
                0x00001f90                _sercom_set_handler
 .text._sercom_get_interrupt_vector
                0x00001fcc       0x30 src/ASF/sam0/drivers/sercom/sercom_interrupt.o
                0x00001fcc                _sercom_get_interrupt_vector
 .text.SERCOM0_Handler
                0x00001ffc       0x10 src/ASF/sam0/drivers/sercom/sercom_interrupt.o
                0x00001ffc                SERCOM0_Handler
 .text.SERCOM1_Handler
                0x0000200c       0x10 src/ASF/sam0/drivers/sercom/sercom_interrupt.o
                0x0000200c                SERCOM1_Handler
 .text.SERCOM2_Handler
                0x0000201c       0x10 src/ASF/sam0/drivers/sercom/sercom_interrupt.o
                0x0000201c                SERCOM2_Handler
 .text.SERCOM3_Handler
                0x0000202c       0x10 src/ASF/sam0/drivers/sercom/sercom_interrupt.o
                0x0000202c                SERCOM3_Handler
 .text.SERCOM4_Handler
                0x0000203c       0x10 src/ASF/sam0/drivers/sercom/sercom_interrupt.o
                0x0000203c                SERCOM4_Handler
 .text.SERCOM5_Handler
                0x0000204c       0x10 src/ASF/sam0/drivers/sercom/sercom_interrupt.o
                0x0000204c                SERCOM5_Handler
 .text.spi_reset
                0x0000205c       0x4c src/ASF/sam0/drivers/sercom/spi/spi.o
                0x0000205c                spi_reset
 .text.spi_set_baudrate
                0x000020a8       0xb8 src/ASF/sam0/drivers/sercom/spi/spi.o
                0x000020a8                spi_set_baudrate
 .text.spi_init
                0x00002160      0x1d8 src/ASF/sam0/drivers/sercom/spi/spi.o
                0x00002160                spi_init
 .text.spi_read_buffer_wait
                0x00002338       0xd4 src/ASF/sam0/drivers/sercom/spi/spi.o
                0x00002338                spi_read_buffer_wait
 .text.spi_select_slave
                0x0000240c       0xf4 src/ASF/sam0/drivers/sercom/spi/spi.o
                0x0000240c                spi_select_slave
 .text.spi_write_buffer_wait
                0x00002500       0xcc src/ASF/sam0/drivers/sercom/spi/spi.o
                0x00002500                spi_write_buffer_wait
 .text._spi_interrupt_handler
                0x000025cc      0x1d0 src/ASF/sam0/drivers/sercom/spi/spi_interrupt.o
                0x000025cc                _spi_interrupt_handler
 .text.usart_init
                0x0000279c      0x344 src/ASF/sam0/drivers/sercom/usart/usart.o
                0x0000279c                usart_init
 .text.usart_write_wait
                0x00002ae0       0x2c src/ASF/sam0/drivers/sercom/usart/usart.o
                0x00002ae0                usart_write_wait
 .text.usart_read_wait
                0x00002b0c       0x70 src/ASF/sam0/drivers/sercom/usart/usart.o
                0x00002b0c                usart_read_wait
 .text._usart_write_buffer
                0x00002b7c       0x3c src/ASF/sam0/drivers/sercom/usart/usart_interrupt.o
                0x00002b7c                _usart_write_buffer
 .text._usart_read_buffer
                0x00002bb8       0x50 src/ASF/sam0/drivers/sercom/usart/usart_interrupt.o
                0x00002bb8                _usart_read_buffer
 .text.usart_register_callback
                0x00002c08       0x18 src/ASF/sam0/drivers/sercom/usart/usart_interrupt.o
                0x00002c08                usart_register_callback
 .text.usart_write_buffer_job
                0x00002c20       0x20 src/ASF/sam0/drivers/sercom/usart/usart_interrupt.o
                0x00002c20                usart_write_buffer_job
 .text.usart_read_buffer_job
                0x00002c40       0x20 src/ASF/sam0/drivers/sercom/usart/usart_interrupt.o
                0x00002c40                usart_read_buffer_job
 .text.usart_get_job_status
                0x00002c60       0x1c src/ASF/sam0/drivers/sercom/usart/usart_interrupt.o
                0x00002c60                usart_get_job_status
 .text._usart_interrupt_handler
                0x00002c7c      0x194 src/ASF/sam0/drivers/sercom/usart/usart_interrupt.o
                0x00002c7c                _usart_interrupt_handler
 .text.system_clock_source_get_hz
                0x00002e10       0x94 src/ASF/sam0/drivers/system/clock/clock_samd21_r21_da_ha1/clock.o
                0x00002e10                system_clock_source_get_hz
 .text.system_clock_source_osc8m_set_config
                0x00002ea4       0x3c src/ASF/sam0/drivers/system/clock/clock_samd21_r21_da_ha1/clock.o
                0x00002ea4                system_clock_source_osc8m_set_config
 .text.system_clock_source_xosc32k_set_config
                0x00002ee0       0xb8 src/ASF/sam0/drivers/system/clock/clock_samd21_r21_da_ha1/clock.o
                0x00002ee0                system_clock_source_xosc32k_set_config
 .text.system_clock_source_dfll_set_config
                0x00002f98       0x80 src/ASF/sam0/drivers/system/clock/clock_samd21_r21_da_ha1/clock.o
                0x00002f98                system_clock_source_dfll_set_config
 .text.system_clock_source_enable
                0x00003018       0xa8 src/ASF/sam0/drivers/system/clock/clock_samd21_r21_da_ha1/clock.o
                0x00003018                system_clock_source_enable
 .text.system_clock_init
                0x000030c0      0x154 src/ASF/sam0/drivers/system/clock/clock_samd21_r21_da_ha1/clock.o
                0x000030c0                system_clock_init
 .text.system_gclk_init
                0x00003214       0x24 src/ASF/sam0/drivers/system/clock/clock_samd21_r21_da_ha1/gclk.o
                0x00003214                system_gclk_init
 .text.system_gclk_gen_set_config
                0x00003238       0xb8 src/ASF/sam0/drivers/system/clock/clock_samd21_r21_da_ha1/gclk.o
                0x00003238                system_gclk_gen_set_config
 .text.system_gclk_gen_enable
                0x000032f0       0x44 src/ASF/sam0/drivers/system/clock/clock_samd21_r21_da_ha1/gclk.o
                0x000032f0                system_gclk_gen_enable
 .text.system_gclk_gen_get_hz
                0x00003334       0x8c src/ASF/sam0/drivers/system/clock/clock_samd21_r21_da_ha1/gclk.o
                0x00003334                system_gclk_gen_get_hz
 .text.system_gclk_chan_enable
                0x000033c0       0x30 src/ASF/sam0/drivers/system/clock/clock_samd21_r21_da_ha1/gclk.o
                0x000033c0                system_gclk_chan_enable
 .text.system_gclk_chan_disable
                0x000033f0       0x5c src/ASF/sam0/drivers/system/clock/clock_samd21_r21_da_ha1/gclk.o
                0x000033f0                system_gclk_chan_disable
 .text.system_gclk_chan_set_config
                0x0000344c       0x1c src/ASF/sam0/drivers/system/clock/clock_samd21_r21_da_ha1/gclk.o
                0x0000344c                system_gclk_chan_set_config
 .text.system_gclk_chan_get_hz
                0x00003468       0x34 src/ASF/sam0/drivers/system/clock/clock_samd21_r21_da_ha1/gclk.o
                0x00003468                system_gclk_chan_get_hz
 .text._system_pinmux_config
                0x0000349c       0xa8 src/ASF/sam0/drivers/system/pinmux/pinmux.o
 .text.system_pinmux_pin_set_config
                0x00003544       0x30 src/ASF/sam0/drivers/system/pinmux/pinmux.o
                0x00003544                system_pinmux_pin_set_config
 .text._system_dummy_init
                0x00003574        0x2 src/ASF/sam0/drivers/system/system.o
                0x00003574                _system_extint_init
                0x00003574                _system_events_init
                0x00003574                _system_dummy_init
                0x00003574                _system_divas_init
 *fill*         0x00003576        0x2 
 .text.system_init
                0x00003578       0x2c src/ASF/sam0/drivers/system/system.o
                0x00003578                system_init
 .text.Dummy_Handler
                0x000035a4        0x2 src/ASF/sam0/utils/cmsis/samd21/source/gcc/startup_samd21.o
                0x000035a4                DMAC_Handler
                0x000035a4                HardFault_Handler
                0x000035a4                AC_Handler
                0x000035a4                PendSV_Handler
                0x000035a4                NMI_Handler
                0x000035a4                ADC_Handler
                0x000035a4                TCC1_Handler
                0x000035a4                TCC0_Handler
                0x000035a4                RTC_Handler
                0x000035a4                EIC_Handler
                0x000035a4                WDT_Handler
                0x000035a4                TC4_Handler
                0x000035a4                USB_Handler
                0x000035a4                TC3_Handler
                0x000035a4                Dummy_Handler
                0x000035a4                PM_Handler
                0x000035a4                SVC_Handler
                0x000035a4                TCC2_Handler
                0x000035a4                EVSYS_Handler
                0x000035a4                I2S_Handler
                0x000035a4                NVMCTRL_Handler
                0x000035a4                DAC_Handler
                0x000035a4                PTC_Handler
                0x000035a4                TC5_Handler
                0x000035a4                SYSCTRL_Handler
 *fill*         0x000035a6        0x2 
 .text.Reset_Handler
                0x000035a8       0xe4 src/ASF/sam0/utils/cmsis/samd21/source/gcc/startup_samd21.o
                0x000035a8                Reset_Handler
 .text._read    0x0000368c       0x44 src/ASF/sam0/utils/stdio/read.o
                0x0000368c                _read
 .text._write   0x000036d0       0x50 src/ASF/sam0/utils/stdio/write.o
                0x000036d0                _write
 .text._sbrk    0x00003720       0x24 src/ASF/sam0/utils/syscalls/gcc/syscalls.o
                0x00003720                _sbrk
 .text._close   0x00003744        0x6 src/ASF/sam0/utils/syscalls/gcc/syscalls.o
                0x00003744                _close
 .text._fstat   0x0000374a        0xa src/ASF/sam0/utils/syscalls/gcc/syscalls.o
                0x0000374a                _fstat
 .text._lseek   0x00003754        0x4 src/ASF/sam0/utils/syscalls/gcc/syscalls.o
                0x00003754                _lseek
 .text.disk_initialize
                0x00003758       0x9c src/ASF/thirdparty/fatfs/fatfs-port-r0.09/diskio.o
                0x00003758                disk_initialize
 .text.disk_status
                0x000037f4       0x1c src/ASF/thirdparty/fatfs/fatfs-port-r0.09/diskio.o
                0x000037f4                disk_status
 .text.disk_read
                0x00003810       0x84 src/ASF/thirdparty/fatfs/fatfs-port-r0.09/diskio.o
                0x00003810                disk_read
 .text.disk_write
                0x00003894       0x84 src/ASF/thirdparty/fatfs/fatfs-port-r0.09/diskio.o
                0x00003894                disk_write
 .text.disk_ioctl
                0x00003918       0x6c src/ASF/thirdparty/fatfs/fatfs-port-r0.09/diskio.o
                0x00003918                disk_ioctl
 .text.get_fattime
                0x00003984       0x50 src/ASF/thirdparty/fatfs/fatfs-port-r0.09/sam0/fattime_rtc.o
                0x00003984                get_fattime
 .text.mem_cpy  0x000039d4       0x14 src/ASF/thirdparty/fatfs/fatfs-r0.09/src/ff.o
 .text.mem_set  0x000039e8       0x12 src/ASF/thirdparty/fatfs/fatfs-r0.09/src/ff.o
 .text.clust2sect
                0x000039fa       0x18 src/ASF/thirdparty/fatfs/fatfs-r0.09/src/ff.o
 .text.sum_sfn  0x00003a12       0x1c src/ASF/thirdparty/fatfs/fatfs-r0.09/src/ff.o
 *fill*         0x00003a2e        0x2 
 .text.validate
                0x00003a30       0x30 src/ASF/thirdparty/fatfs/fatfs-r0.09/src/ff.o
 .text.check_fs
                0x00003a60       0xa4 src/ASF/thirdparty/fatfs/fatfs-r0.09/src/ff.o
 .text.chk_mounted
                0x00003b04      0x3b0 src/ASF/thirdparty/fatfs/fatfs-r0.09/src/ff.o
 .text.move_window
                0x00003eb4       0xa0 src/ASF/thirdparty/fatfs/fatfs-r0.09/src/ff.o
 .text.get_fat  0x00003f54       0xfc src/ASF/thirdparty/fatfs/fatfs-r0.09/src/ff.o
 .text.dir_sdi  0x00004050       0xa8 src/ASF/thirdparty/fatfs/fatfs-r0.09/src/ff.o
 .text.put_fat  0x000040f8      0x138 src/ASF/thirdparty/fatfs/fatfs-r0.09/src/ff.o
 .text.create_chain
                0x00004230       0xc4 src/ASF/thirdparty/fatfs/fatfs-r0.09/src/ff.o
 .text.remove_chain
                0x000042f4       0x78 src/ASF/thirdparty/fatfs/fatfs-r0.09/src/ff.o
 .text.dir_next
                0x0000436c      0x124 src/ASF/thirdparty/fatfs/fatfs-r0.09/src/ff.o
 .text.dir_find
                0x00004490      0x198 src/ASF/thirdparty/fatfs/fatfs-r0.09/src/ff.o
 .text.dir_register
                0x00004628      0x2e4 src/ASF/thirdparty/fatfs/fatfs-r0.09/src/ff.o
 .text.dir_read
                0x0000490c      0x140 src/ASF/thirdparty/fatfs/fatfs-r0.09/src/ff.o
 .text.dir_remove
                0x00004a4c       0x68 src/ASF/thirdparty/fatfs/fatfs-r0.09/src/ff.o
 .text.sync     0x00004ab4       0xf4 src/ASF/thirdparty/fatfs/fatfs-r0.09/src/ff.o
 .text.follow_path
                0x00004ba8      0x344 src/ASF/thirdparty/fatfs/fatfs-r0.09/src/ff.o
 .text.f_mount  0x00004eec       0x30 src/ASF/thirdparty/fatfs/fatfs-r0.09/src/ff.o
                0x00004eec                f_mount
 .text.f_open   0x00004f1c      0x188 src/ASF/thirdparty/fatfs/fatfs-r0.09/src/ff.o
                0x00004f1c                f_open
 .text.f_read   0x000050a4      0x1b4 src/ASF/thirdparty/fatfs/fatfs-r0.09/src/ff.o
                0x000050a4                f_read
 .text.f_write  0x00005258      0x238 src/ASF/thirdparty/fatfs/fatfs-r0.09/src/ff.o
                0x00005258                f_write
 .text.f_sync   0x00005490       0x8c src/ASF/thirdparty/fatfs/fatfs-r0.09/src/ff.o
                0x00005490                f_sync
 .text.f_close  0x0000551c       0x18 src/ASF/thirdparty/fatfs/fatfs-r0.09/src/ff.o
                0x0000551c                f_close
 .text.f_lseek  0x00005534      0x188 src/ASF/thirdparty/fatfs/fatfs-r0.09/src/ff.o
                0x00005534                f_lseek
 .text.f_unlink
                0x000056bc       0xd8 src/ASF/thirdparty/fatfs/fatfs-r0.09/src/ff.o
                0x000056bc                f_unlink
 .text.f_putc   0x00005794       0x2c src/ASF/thirdparty/fatfs/fatfs-r0.09/src/ff.o
                0x00005794                f_putc
 .text.f_puts   0x000057c0       0x2c src/ASF/thirdparty/fatfs/fatfs-r0.09/src/ff.o
                0x000057c0                f_puts
 .text.ff_convert
                0x000057ec       0x48 src/ASF/thirdparty/fatfs/fatfs-r0.09/src/option/ccsbcs.o
                0x000057ec                ff_convert
 .text.ff_wtoupper
                0x00005834       0x3c src/ASF/thirdparty/fatfs/fatfs-r0.09/src/option/ccsbcs.o
                0x00005834                ff_wtoupper
 .text.main     0x00005870      0x6cc src/BootMain.o
                0x00005870                main
 .text          0x00005f3c      0x114 c:/program files (x86)/atmel/studio/7.0/toolchain/arm/arm-gnu-toolchain/bin/../lib/gcc/arm-none-eabi/6.3.1/thumb/v6-m\libgcc.a(_udivsi3.o)
                0x00005f3c                __aeabi_uidiv
                0x00005f3c                __udivsi3
                0x00006048                __aeabi_uidivmod
 .text          0x00006050      0x1d4 c:/program files (x86)/atmel/studio/7.0/toolchain/arm/arm-gnu-toolchain/bin/../lib/gcc/arm-none-eabi/6.3.1/thumb/v6-m\libgcc.a(_divsi3.o)
                0x00006050                __divsi3
                0x00006050                __aeabi_idiv
                0x0000621c                __aeabi_idivmod
 .text          0x00006224        0x4 c:/program files (x86)/atmel/studio/7.0/toolchain/arm/arm-gnu-toolchain/bin/../lib/gcc/arm-none-eabi/6.3.1/thumb/v6-m\libgcc.a(_dvmd_tls.o)
                0x00006224                __aeabi_idiv0
                0x00006224                __aeabi_ldiv0
 .text          0x00006228       0x54 c:/program files (x86)/atmel/studio/7.0/toolchain/arm/arm-gnu-toolchain/bin/../lib/gcc/arm-none-eabi/6.3.1/thumb/v6-m\libgcc.a(_muldi3.o)
                0x00006228                __muldi3
                0x00006228                __aeabi_lmul
 .text.__libc_init_array
                0x0000627c       0x48 c:/program files (x86)/atmel/studio/7.0/toolchain/arm/arm-gnu-toolchain/bin/../lib/gcc/arm-none-eabi/6.3.1/../../../../arm-none-eabi/lib/thumb/v6-m\libc_nano.a(lib_a-init.o)
                0x0000627c                __libc_init_array
 .text.malloc   0x000062c4       0x14 c:/program files (x86)/atmel/studio/7.0/toolchain/arm/arm-gnu-toolchain/bin/../lib/gcc/arm-none-eabi/6.3.1/../../../../arm-none-eabi/lib/thumb/v6-m\libc_nano.a(lib_a-malloc.o)
                0x000062c4                malloc
 .text.memset   0x000062d8       0x10 c:/program files (x86)/atmel/studio/7.0/toolchain/arm/arm-gnu-toolchain/bin/../lib/gcc/arm-none-eabi/6.3.1/../../../../arm-none-eabi/lib/thumb/v6-m\libc_nano.a(lib_a-memset.o)
                0x000062d8                memset
 .text._free_r  0x000062e8       0x94 c:/program files (x86)/atmel/studio/7.0/toolchain/arm/arm-gnu-toolchain/bin/../lib/gcc/arm-none-eabi/6.3.1/../../../../arm-none-eabi/lib/thumb/v6-m\libc_nano.a(lib_a-nano-freer.o)
                0x000062e8                _free_r
 .text._malloc_r
                0x0000637c       0xbc c:/program files (x86)/atmel/studio/7.0/toolchain/arm/arm-gnu-toolchain/bin/../lib/gcc/arm-none-eabi/6.3.1/../../../../arm-none-eabi/lib/thumb/v6-m\libc_nano.a(lib_a-nano-mallocr.o)
                0x0000637c                _malloc_r
 .text._sbrk_r  0x00006438       0x24 c:/program files (x86)/atmel/studio/7.0/toolchain/arm/arm-gnu-toolchain/bin/../lib/gcc/arm-none-eabi/6.3.1/../../../../arm-none-eabi/lib/thumb/v6-m\libc_nano.a(lib_a-sbrkr.o)
                0x00006438                _sbrk_r
 .text.setbuf   0x0000645c       0x12 c:/program files (x86)/atmel/studio/7.0/toolchain/arm/arm-gnu-toolchain/bin/../lib/gcc/arm-none-eabi/6.3.1/../../../../arm-none-eabi/lib/thumb/v6-m\libc_nano.a(lib_a-setbuf.o)
                0x0000645c                setbuf
 *fill*         0x0000646e        0x2 
 .text.setvbuf  0x00006470      0x158 c:/program files (x86)/atmel/studio/7.0/toolchain/arm/arm-gnu-toolchain/bin/../lib/gcc/arm-none-eabi/6.3.1/../../../../arm-none-eabi/lib/thumb/v6-m\libc_nano.a(lib_a-setvbuf.o)
                0x00006470                setvbuf
 .text.snprintf
                0x000065c8       0x64 c:/program files (x86)/atmel/studio/7.0/toolchain/arm/arm-gnu-toolchain/bin/../lib/gcc/arm-none-eabi/6.3.1/../../../../arm-none-eabi/lib/thumb/v6-m\libc_nano.a(lib_a-snprintf.o)
                0x000065c8                sniprintf
                0x000065c8                snprintf
 .text          0x0000662c        0xe c:/program files (x86)/atmel/studio/7.0/toolchain/arm/arm-gnu-toolchain/bin/../lib/gcc/arm-none-eabi/6.3.1/../../../../arm-none-eabi/lib/thumb/v6-m\libc_nano.a(lib_a-strlen.o)
                0x0000662c                strlen
 *fill*         0x0000663a        0x2 
 .text.__sflush_r
                0x0000663c      0x114 c:/program files (x86)/atmel/studio/7.0/toolchain/arm/arm-gnu-toolchain/bin/../lib/gcc/arm-none-eabi/6.3.1/../../../../arm-none-eabi/lib/thumb/v6-m\libc_nano.a(lib_a-fflush.o)
                0x0000663c                __sflush_r
 .text._fflush_r
                0x00006750       0x58 c:/program files (x86)/atmel/studio/7.0/toolchain/arm/arm-gnu-toolchain/bin/../lib/gcc/arm-none-eabi/6.3.1/../../../../arm-none-eabi/lib/thumb/v6-m\libc_nano.a(lib_a-fflush.o)
                0x00006750                _fflush_r
 .text._cleanup_r
                0x000067a8       0x10 c:/program files (x86)/atmel/studio/7.0/toolchain/arm/arm-gnu-toolchain/bin/../lib/gcc/arm-none-eabi/6.3.1/../../../../arm-none-eabi/lib/thumb/v6-m\libc_nano.a(lib_a-findfp.o)
                0x000067a8                _cleanup_r
 .text.std.isra.0
                0x000067b8       0x48 c:/program files (x86)/atmel/studio/7.0/toolchain/arm/arm-gnu-toolchain/bin/../lib/gcc/arm-none-eabi/6.3.1/../../../../arm-none-eabi/lib/thumb/v6-m\libc_nano.a(lib_a-findfp.o)
 .text.__sfmoreglue
                0x00006800       0x2c c:/program files (x86)/atmel/studio/7.0/toolchain/arm/arm-gnu-toolchain/bin/../lib/gcc/arm-none-eabi/6.3.1/../../../../arm-none-eabi/lib/thumb/v6-m\libc_nano.a(lib_a-findfp.o)
                0x00006800                __sfmoreglue
 .text.__sinit  0x0000682c       0x68 c:/program files (x86)/atmel/studio/7.0/toolchain/arm/arm-gnu-toolchain/bin/../lib/gcc/arm-none-eabi/6.3.1/../../../../arm-none-eabi/lib/thumb/v6-m\libc_nano.a(lib_a-findfp.o)
                0x0000682c                __sinit
 .text.__sfp    0x00006894       0x80 c:/program files (x86)/atmel/studio/7.0/toolchain/arm/arm-gnu-toolchain/bin/../lib/gcc/arm-none-eabi/6.3.1/../../../../arm-none-eabi/lib/thumb/v6-m\libc_nano.a(lib_a-findfp.o)
                0x00006894                __sfp
 .text._fwalk_reent
                0x00006914       0x42 c:/program files (x86)/atmel/studio/7.0/toolchain/arm/arm-gnu-toolchain/bin/../lib/gcc/arm-none-eabi/6.3.1/../../../../arm-none-eabi/lib/thumb/v6-m\libc_nano.a(lib_a-fwalk.o)
                0x00006914                _fwalk_reent
 *fill*         0x00006956        0x2 
 .text.__swhatbuf_r
                0x00006958       0x50 c:/program files (x86)/atmel/studio/7.0/toolchain/arm/arm-gnu-toolchain/bin/../lib/gcc/arm-none-eabi/6.3.1/../../../../arm-none-eabi/lib/thumb/v6-m\libc_nano.a(lib_a-makebuf.o)
                0x00006958                __swhatbuf_r
 .text.__malloc_lock
                0x000069a8        0x2 c:/program files (x86)/atmel/studio/7.0/toolchain/arm/arm-gnu-toolchain/bin/../lib/gcc/arm-none-eabi/6.3.1/../../../../arm-none-eabi/lib/thumb/v6-m\libc_nano.a(lib_a-mlock.o)
                0x000069a8                __malloc_lock
 .text.__malloc_unlock
                0x000069aa        0x2 c:/program files (x86)/atmel/studio/7.0/toolchain/arm/arm-gnu-toolchain/bin/../lib/gcc/arm-none-eabi/6.3.1/../../../../arm-none-eabi/lib/thumb/v6-m\libc_nano.a(lib_a-mlock.o)
                0x000069aa                __malloc_unlock
 .text.__ssputs_r
                0x000069ac       0xc4 c:/program files (x86)/atmel/studio/7.0/toolchain/arm/arm-gnu-toolchain/bin/../lib/gcc/arm-none-eabi/6.3.1/../../../../arm-none-eabi/lib/thumb/v6-m\libc_nano.a(lib_a-nano-svfprintf.o)
                0x000069ac                __ssputs_r
 .text._svfprintf_r
                0x00006a70      0x208 c:/program files (x86)/atmel/studio/7.0/toolchain/arm/arm-gnu-toolchain/bin/../lib/gcc/arm-none-eabi/6.3.1/../../../../arm-none-eabi/lib/thumb/v6-m\libc_nano.a(lib_a-nano-svfprintf.o)
                0x00006a70                _svfiprintf_r
                0x00006a70                _svfprintf_r
 .text._printf_common
                0x00006c78       0xda c:/program files (x86)/atmel/studio/7.0/toolchain/arm/arm-gnu-toolchain/bin/../lib/gcc/arm-none-eabi/6.3.1/../../../../arm-none-eabi/lib/thumb/v6-m\libc_nano.a(lib_a-nano-vfprintf_i.o)
                0x00006c78                _printf_common
 *fill*         0x00006d52        0x2 
 .text._printf_i
                0x00006d54      0x234 c:/program files (x86)/atmel/studio/7.0/toolchain/arm/arm-gnu-toolchain/bin/../lib/gcc/arm-none-eabi/6.3.1/../../../../arm-none-eabi/lib/thumb/v6-m\libc_nano.a(lib_a-nano-vfprintf_i.o)
                0x00006d54                _printf_i
 .text.__sread  0x00006f88       0x28 c:/program files (x86)/atmel/studio/7.0/toolchain/arm/arm-gnu-toolchain/bin/../lib/gcc/arm-none-eabi/6.3.1/../../../../arm-none-eabi/lib/thumb/v6-m\libc_nano.a(lib_a-stdio.o)
                0x00006f88                __sread
 .text.__swrite
                0x00006fb0       0x38 c:/program files (x86)/atmel/studio/7.0/toolchain/arm/arm-gnu-toolchain/bin/../lib/gcc/arm-none-eabi/6.3.1/../../../../arm-none-eabi/lib/thumb/v6-m\libc_nano.a(lib_a-stdio.o)
                0x00006fb0                __swrite
 .text.__sseek  0x00006fe8       0x2c c:/program files (x86)/atmel/studio/7.0/toolchain/arm/arm-gnu-toolchain/bin/../lib/gcc/arm-none-eabi/6.3.1/../../../../arm-none-eabi/lib/thumb/v6-m\libc_nano.a(lib_a-stdio.o)
                0x00006fe8                __sseek
 .text.__sclose
                0x00007014        0xc c:/program files (x86)/atmel/studio/7.0/toolchain/arm/arm-gnu-toolchain/bin/../lib/gcc/arm-none-eabi/6.3.1/../../../../arm-none-eabi/lib/thumb/v6-m\libc_nano.a(lib_a-stdio.o)
                0x00007014                __sclose
 .text._write_r
                0x00007020       0x28 c:/program files (x86)/atmel/studio/7.0/toolchain/arm/arm-gnu-toolchain/bin/../lib/gcc/arm-none-eabi/6.3.1/../../../../arm-none-eabi/lib/thumb/v6-m\libc_nano.a(lib_a-writer.o)
                0x00007020                _write_r
 .text._close_r
                0x00007048       0x24 c:/program files (x86)/atmel/studio/7.0/toolchain/arm/arm-gnu-toolchain/bin/../lib/gcc/arm-none-eabi/6.3.1/../../../../arm-none-eabi/lib/thumb/v6-m\libc_nano.a(lib_a-closer.o)
                0x00007048                _close_r
 .text._fstat_r
                0x0000706c       0x24 c:/program files (x86)/atmel/studio/7.0/toolchain/arm/arm-gnu-toolchain/bin/../lib/gcc/arm-none-eabi/6.3.1/../../../../arm-none-eabi/lib/thumb/v6-m\libc_nano.a(lib_a-fstatr.o)
                0x0000706c                _fstat_r
 .text._lseek_r
                0x00007090       0x28 c:/program files (x86)/atmel/studio/7.0/toolchain/arm/arm-gnu-toolchain/bin/../lib/gcc/arm-none-eabi/6.3.1/../../../../arm-none-eabi/lib/thumb/v6-m\libc_nano.a(lib_a-lseekr.o)
                0x00007090                _lseek_r
 .text.memchr   0x000070b8       0x16 c:/program files (x86)/atmel/studio/7.0/toolchain/arm/arm-gnu-toolchain/bin/../lib/gcc/arm-none-eabi/6.3.1/../../../../arm-none-eabi/lib/thumb/v6-m\libc_nano.a(lib_a-memchr-stub.o)
                0x000070b8                memchr
 .text.memcpy   0x000070ce       0x12 c:/program files (x86)/atmel/studio/7.0/toolchain/arm/arm-gnu-toolchain/bin/../lib/gcc/arm-none-eabi/6.3.1/../../../../arm-none-eabi/lib/thumb/v6-m\libc_nano.a(lib_a-memcpy-stub.o)
                0x000070ce                memcpy
 .text.memmove  0x000070e0       0x24 c:/program files (x86)/atmel/studio/7.0/toolchain/arm/arm-gnu-toolchain/bin/../lib/gcc/arm-none-eabi/6.3.1/../../../../arm-none-eabi/lib/thumb/v6-m\libc_nano.a(lib_a-memmove.o)
                0x000070e0                memmove
 .text._realloc_r
                0x00007104       0x4c c:/program files (x86)/atmel/studio/7.0/toolchain/arm/arm-gnu-toolchain/bin/../lib/gcc/arm-none-eabi/6.3.1/../../../../arm-none-eabi/lib/thumb/v6-m\libc_nano.a(lib_a-nano-reallocr.o)
                0x00007104                _realloc_r
 .text._read_r  0x00007150       0x28 c:/program files (x86)/atmel/studio/7.0/toolchain/arm/arm-gnu-toolchain/bin/../lib/gcc/arm-none-eabi/6.3.1/../../../../arm-none-eabi/lib/thumb/v6-m\libc_nano.a(lib_a-readr.o)
                0x00007150                _read_r
 .text._malloc_usable_size_r
                0x00007178       0x10 c:/program files (x86)/atmel/studio/7.0/toolchain/arm/arm-gnu-toolchain/bin/../lib/gcc/arm-none-eabi/6.3.1/../../../../arm-none-eabi/lib/thumb/v6-m\libc_nano.a(lib_a-nano-msizer.o)
                0x00007178                _malloc_usable_size_r
 *(.glue_7t)
 .glue_7t       0x00007188        0x0 linker stubs
 *(.glue_7)
 .glue_7        0x00007188        0x0 linker stubs
 *(.rodata .rodata* .gnu.linkonce.r.*)
 .rodata.nvm_execute_command
                0x00007188      0x118 src/ASF/sam0/drivers/nvm/nvm.o
 .rodata.mmc_trans_multipliers
                0x000072a0       0x40 src/ASF/common2/components/memory/sd_mmc/sd_mmc.o
                0x000072a0                mmc_trans_multipliers
 .rodata.sd_mmc_trans_units
                0x000072e0       0x1c src/ASF/common2/components/memory/sd_mmc/sd_mmc.o
                0x000072e0                sd_mmc_trans_units
 .rodata.sd_trans_multipliers
                0x000072fc       0x40 src/ASF/common2/components/memory/sd_mmc/sd_mmc.o
                0x000072fc                sd_trans_multipliers
 .rodata        0x0000733c       0x18 src/ASF/sam0/drivers/sercom/sercom.o
 .rodata.system_clock_source_get_hz
                0x00007354       0x24 src/ASF/sam0/drivers/system/clock/clock_samd21_r21_da_ha1/clock.o
 .rodata.system_clock_source_enable
                0x00007378       0x24 src/ASF/sam0/drivers/system/clock/clock_samd21_r21_da_ha1/clock.o
 .rodata.LfnOfs
                0x0000739c        0xd src/ASF/thirdparty/fatfs/fatfs-r0.09/src/ff.o
 *fill*         0x000073a9        0x3 
 .rodata.excvt.4558
                0x000073ac       0x80 src/ASF/thirdparty/fatfs/fatfs-r0.09/src/ff.o
 .rodata.follow_path.str1.4
                0x0000742c       0x13 src/ASF/thirdparty/fatfs/fatfs-r0.09/src/ff.o
 *fill*         0x0000743f        0x1 
 .rodata.Tbl    0x00007440      0x100 src/ASF/thirdparty/fatfs/fatfs-r0.09/src/option/ccsbcs.o
 .rodata.tbl_lower.4308
                0x00007540      0x1e0 src/ASF/thirdparty/fatfs/fatfs-r0.09/src/option/ccsbcs.o
 .rodata.tbl_upper.4309
                0x00007720      0x1e0 src/ASF/thirdparty/fatfs/fatfs-r0.09/src/option/ccsbcs.o
 .rodata.main.str1.4
                0x00007900      0x300 src/BootMain.o
                                0x2fd (size before relaxing)
 .rodata._global_impure_ptr
                0x00007c00        0x4 c:/program files (x86)/atmel/studio/7.0/toolchain/arm/arm-gnu-toolchain/bin/../lib/gcc/arm-none-eabi/6.3.1/../../../../arm-none-eabi/lib/thumb/v6-m\libc_nano.a(lib_a-impure.o)
                0x00007c00                _global_impure_ptr
 .rodata.__sf_fake_stderr
                0x00007c04       0x20 c:/program files (x86)/atmel/studio/7.0/toolchain/arm/arm-gnu-toolchain/bin/../lib/gcc/arm-none-eabi/6.3.1/../../../../arm-none-eabi/lib/thumb/v6-m\libc_nano.a(lib_a-findfp.o)
                0x00007c04                __sf_fake_stderr
 .rodata.__sf_fake_stdin
                0x00007c24       0x20 c:/program files (x86)/atmel/studio/7.0/toolchain/arm/arm-gnu-toolchain/bin/../lib/gcc/arm-none-eabi/6.3.1/../../../../arm-none-eabi/lib/thumb/v6-m\libc_nano.a(lib_a-findfp.o)
                0x00007c24                __sf_fake_stdin
 .rodata.__sf_fake_stdout
                0x00007c44       0x20 c:/program files (x86)/atmel/studio/7.0/toolchain/arm/arm-gnu-toolchain/bin/../lib/gcc/arm-none-eabi/6.3.1/../../../../arm-none-eabi/lib/thumb/v6-m\libc_nano.a(lib_a-findfp.o)
                0x00007c44                __sf_fake_stdout
 .rodata._svfprintf_r.str1.1
                0x00007c64       0x11 c:/program files (x86)/atmel/studio/7.0/toolchain/arm/arm-gnu-toolchain/bin/../lib/gcc/arm-none-eabi/6.3.1/../../../../arm-none-eabi/lib/thumb/v6-m\libc_nano.a(lib_a-nano-svfprintf.o)
 .rodata._printf_i.str1.1
                0x00007c75       0x22 c:/program files (x86)/atmel/studio/7.0/toolchain/arm/arm-gnu-toolchain/bin/../lib/gcc/arm-none-eabi/6.3.1/../../../../arm-none-eabi/lib/thumb/v6-m\libc_nano.a(lib_a-nano-vfprintf_i.o)
 *(.ARM.extab* .gnu.linkonce.armextab.*)
                0x00007c98                . = ALIGN (0x4)
 *fill*         0x00007c97        0x1 
 *(.init)
 .init          0x00007c98        0x4 c:/program files (x86)/atmel/studio/7.0/toolchain/arm/arm-gnu-toolchain/bin/../lib/gcc/arm-none-eabi/6.3.1/thumb/v6-m/crti.o
                0x00007c98                _init
 .init          0x00007c9c        0x8 c:/program files (x86)/atmel/studio/7.0/toolchain/arm/arm-gnu-toolchain/bin/../lib/gcc/arm-none-eabi/6.3.1/thumb/v6-m/crtn.o
                0x00007ca4                . = ALIGN (0x4)
                0x00007ca4                __preinit_array_start = .
 *(.preinit_array)
                0x00007ca4                __preinit_array_end = .
                0x00007ca4                . = ALIGN (0x4)
                0x00007ca4                __init_array_start = .
 *(SORT(.init_array.*))
 *(.init_array)
 .init_array    0x00007ca4        0x4 c:/program files (x86)/atmel/studio/7.0/toolchain/arm/arm-gnu-toolchain/bin/../lib/gcc/arm-none-eabi/6.3.1/thumb/v6-m/crtbegin.o
                0x00007ca8                __init_array_end = .
                0x00007ca8                . = ALIGN (0x4)
 *crtbegin.o(.ctors)
 *(EXCLUDE_FILE(*crtend.o) .ctors)
 *(SORT(.ctors.*))
 *crtend.o(.ctors)
                0x00007ca8                . = ALIGN (0x4)
 *(.fini)
 .fini          0x00007ca8        0x4 c:/program files (x86)/atmel/studio/7.0/toolchain/arm/arm-gnu-toolchain/bin/../lib/gcc/arm-none-eabi/6.3.1/thumb/v6-m/crti.o
                0x00007ca8                _fini
 .fini          0x00007cac        0x8 c:/program files (x86)/atmel/studio/7.0/toolchain/arm/arm-gnu-toolchain/bin/../lib/gcc/arm-none-eabi/6.3.1/thumb/v6-m/crtn.o
                0x00007cb4                . = ALIGN (0x4)
                0x00007cb4                __fini_array_start = .
 *(.fini_array)
 .fini_array    0x00007cb4        0x4 c:/program files (x86)/atmel/studio/7.0/toolchain/arm/arm-gnu-toolchain/bin/../lib/gcc/arm-none-eabi/6.3.1/thumb/v6-m/crtbegin.o
 *(SORT(.fini_array.*))
                0x00007cb8                __fini_array_end = .
 *crtbegin.o(.dtors)
 *(EXCLUDE_FILE(*crtend.o) .dtors)
 *(SORT(.dtors.*))
 *crtend.o(.dtors)
                0x00007cb8                . = ALIGN (0x4)
                0x00007cb8                _efixed = .
                [!provide]                PROVIDE (__exidx_start, .)

.vfp11_veneer   0x00007cb8        0x0
 .vfp11_veneer  0x00007cb8        0x0 linker stubs

.v4_bx          0x00007cb8        0x0
 .v4_bx         0x00007cb8        0x0 linker stubs

.iplt           0x00007cb8        0x0
 .iplt          0x00007cb8        0x0 c:/program files (x86)/atmel/studio/7.0/toolchain/arm/arm-gnu-toolchain/bin/../lib/gcc/arm-none-eabi/6.3.1/thumb/v6-m/crtbegin.o

.eh_frame       0x00007cb8        0x0
 .eh_frame      0x00007cb8        0x0 c:/program files (x86)/atmel/studio/7.0/toolchain/arm/arm-gnu-toolchain/bin/../lib/gcc/arm-none-eabi/6.3.1/thumb/v6-m/crtbegin.o

.rel.dyn        0x00007cb8        0x0
 .rel.iplt      0x00007cb8        0x0 c:/program files (x86)/atmel/studio/7.0/toolchain/arm/arm-gnu-toolchain/bin/../lib/gcc/arm-none-eabi/6.3.1/thumb/v6-m/crtbegin.o

.jcr            0x00007cb8        0x0
 .jcr           0x00007cb8        0x0 c:/program files (x86)/atmel/studio/7.0/toolchain/arm/arm-gnu-toolchain/bin/../lib/gcc/arm-none-eabi/6.3.1/thumb/v6-m/crtbegin.o

.igot.plt       0x00007cb8        0x0
 .igot.plt      0x00007cb8        0x0 c:/program files (x86)/atmel/studio/7.0/toolchain/arm/arm-gnu-toolchain/bin/../lib/gcc/arm-none-eabi/6.3.1/thumb/v6-m/crtbegin.o

.ARM.exidx
 *(.ARM.exidx* .gnu.linkonce.armexidx.*)
                [!provide]                PROVIDE (__exidx_end, .)
                0x00007cb8                . = ALIGN (0x4)
                0x00007cb8                _etext = .

.relocate       0x20000000       0xd0 load address 0x00007cb8
                0x20000000                . = ALIGN (0x4)
                0x20000000                _srelocate = .
 *(.ramfunc .ramfunc.*)
 *(.data .data.*)
 .data.cycles_per_ms
                0x20000000        0x4 src/ASF/common2/services/delay/sam0/systick_counter.o
 .data.cycles_per_us
                0x20000004        0x4 src/ASF/common2/services/delay/sam0/systick_counter.o
 .data.ss_pins  0x20000008        0x1 src/ASF/common2/components/memory/sd_mmc/sd_mmc_spi.o
                0x20000008                ss_pins
 .data.g_interrupt_enabled
                0x20000009        0x1 src/ASF/common/utils/interrupt/interrupt_sam_nvic.o
                0x20000009                g_interrupt_enabled
 *fill*         0x2000000a        0x2 
 .data.A_bin_file
                0x2000000c       0x15 src/BootMain.o
                0x2000000c                A_bin_file
 *fill*         0x20000021        0x3 
 .data.B_bin_file
                0x20000024        0xc src/BootMain.o
                0x20000024                B_bin_file
 .data.flagA    0x20000030        0xc src/BootMain.o
                0x20000030                flagA
 .data.flagB    0x2000003c        0xc src/BootMain.o
                0x2000003c                flagB
 .data.test_bin_file
                0x20000048       0x10 src/BootMain.o
                0x20000048                test_bin_file
 .data.test_file_name
                0x20000058       0x12 src/BootMain.o
                0x20000058                test_file_name
 *fill*         0x2000006a        0x2 
 .data._impure_ptr
                0x2000006c        0x4 c:/program files (x86)/atmel/studio/7.0/toolchain/arm/arm-gnu-toolchain/bin/../lib/gcc/arm-none-eabi/6.3.1/../../../../arm-none-eabi/lib/thumb/v6-m\libc_nano.a(lib_a-impure.o)
                0x2000006c                _impure_ptr
 .data.impure_data
                0x20000070       0x60 c:/program files (x86)/atmel/studio/7.0/toolchain/arm/arm-gnu-toolchain/bin/../lib/gcc/arm-none-eabi/6.3.1/../../../../arm-none-eabi/lib/thumb/v6-m\libc_nano.a(lib_a-impure.o)
                0x200000d0                . = ALIGN (0x4)
                0x200000d0                _erelocate = .

.bss            0x200000d0      0xc2c load address 0x00007d88
                0x200000d0                . = ALIGN (0x4)
                0x200000d0                _sbss = .
                0x200000d0                _szero = .
 *(.bss .bss.*)
 .bss           0x200000d0       0x1c c:/program files (x86)/atmel/studio/7.0/toolchain/arm/arm-gnu-toolchain/bin/../lib/gcc/arm-none-eabi/6.3.1/thumb/v6-m/crtbegin.o
 .bss.ul_tickcount
                0x200000ec        0x4 src/Systick/Systick.o
 .bss._nvm_dev  0x200000f0        0x6 src/ASF/sam0/drivers/nvm/nvm.o
 *fill*         0x200000f6        0x2 
 .bss.sd_mmc_card
                0x200000f8        0x4 src/ASF/common2/components/memory/sd_mmc/sd_mmc.o
 .bss.sd_mmc_cards
                0x200000fc       0x20 src/ASF/common2/components/memory/sd_mmc/sd_mmc.o
 .bss.sd_mmc_nb_block_remaining
                0x2000011c        0x2 src/ASF/common2/components/memory/sd_mmc/sd_mmc.o
 .bss.sd_mmc_nb_block_to_tranfer
                0x2000011e        0x2 src/ASF/common2/components/memory/sd_mmc/sd_mmc.o
 .bss.sd_mmc_slot_sel
                0x20000120        0x1 src/ASF/common2/components/memory/sd_mmc/sd_mmc.o
 *fill*         0x20000121        0x3 
 .bss.sd_mmc_ejected
                0x20000124        0x2 src/ASF/common2/components/memory/sd_mmc/sd_mmc_mem.o
 *fill*         0x20000126        0x2 
 .bss.sd_mmc_master
                0x20000128       0x3c src/ASF/common2/components/memory/sd_mmc/sd_mmc_spi.o
 .bss.sd_mmc_spi_block_size
                0x20000164        0x2 src/ASF/common2/components/memory/sd_mmc/sd_mmc_spi.o
 *fill*         0x20000166        0x2 
 .bss.sd_mmc_spi_devices
                0x20000168        0x3 src/ASF/common2/components/memory/sd_mmc/sd_mmc_spi.o
 .bss.sd_mmc_spi_err
                0x2000016b        0x1 src/ASF/common2/components/memory/sd_mmc/sd_mmc_spi.o
 .bss.sd_mmc_spi_nb_block
                0x2000016c        0x2 src/ASF/common2/components/memory/sd_mmc/sd_mmc_spi.o
 *fill*         0x2000016e        0x2 
 .bss.sd_mmc_spi_response_32
                0x20000170        0x4 src/ASF/common2/components/memory/sd_mmc/sd_mmc_spi.o
 .bss.sd_mmc_spi_transfert_pos
                0x20000174        0x4 src/ASF/common2/components/memory/sd_mmc/sd_mmc_spi.o
 .bss.slave_configs
                0x20000178        0x3 src/ASF/common2/components/memory/sd_mmc/sd_mmc_spi.o
 *fill*         0x2000017b        0x1 
 .bss.cpu_irq_critical_section_counter
                0x2000017c        0x4 src/ASF/common/utils/interrupt/interrupt_sam_nvic.o
 .bss.cpu_irq_prev_interrupt_state
                0x20000180        0x1 src/ASF/common/utils/interrupt/interrupt_sam_nvic.o
 *fill*         0x20000181        0x3 
 .bss._sercom_config
                0x20000184        0x2 src/ASF/sam0/drivers/sercom/sercom.o
 .bss._handler_table_initialized
                0x20000186        0x1 src/ASF/sam0/drivers/sercom/sercom_interrupt.o
 *fill*         0x20000187        0x1 
 .bss._sercom_interrupt_handlers
                0x20000188       0x18 src/ASF/sam0/drivers/sercom/sercom_interrupt.o
 .bss._system_clock_inst
                0x200001a0       0x18 src/ASF/sam0/drivers/system/clock/clock_samd21_r21_da_ha1/clock.o
 .bss.heap.5296
                0x200001b8        0x4 src/ASF/sam0/utils/syscalls/gcc/syscalls.o
 .bss.FatFs     0x200001bc       0x20 src/ASF/thirdparty/fatfs/fatfs-r0.09/src/ff.o
 .bss.Fsid      0x200001dc        0x2 src/ASF/thirdparty/fatfs/fatfs-r0.09/src/ff.o
 *fill*         0x200001de        0x2 
 .bss.taskFlag  0x200001e0        0x4 src/BootMain.o
                0x200001e0                taskFlag
 .bss.__malloc_free_list
                0x200001e4        0x4 c:/program files (x86)/atmel/studio/7.0/toolchain/arm/arm-gnu-toolchain/bin/../lib/gcc/arm-none-eabi/6.3.1/../../../../arm-none-eabi/lib/thumb/v6-m\libc_nano.a(lib_a-nano-mallocr.o)
                0x200001e4                __malloc_free_list
 .bss.__malloc_sbrk_start
                0x200001e8        0x4 c:/program files (x86)/atmel/studio/7.0/toolchain/arm/arm-gnu-toolchain/bin/../lib/gcc/arm-none-eabi/6.3.1/../../../../arm-none-eabi/lib/thumb/v6-m\libc_nano.a(lib_a-nano-mallocr.o)
                0x200001e8                __malloc_sbrk_start
 *(COMMON)
 COMMON         0x200001ec      0x844 src/SerialConsole/SerialConsole.o
                0x200001ec                usart_instance
                0x20000220                cbufRx
                0x20000224                latestRx
                0x20000228                txCharacterBuffer
                0x20000628                rxCharacterBuffer
                0x20000a28                latestTx
                0x20000a2c                cbufTx
 COMMON         0x20000a30        0x4 src/ASF/sam0/drivers/rtc/rtc_sam_d_r_h/rtc_calendar.o
                0x20000a30                _rtc_instance
 COMMON         0x20000a34       0x18 src/ASF/sam0/drivers/sercom/sercom_interrupt.o
                0x20000a34                _sercom_instances
 COMMON         0x20000a4c        0x2 src/ASF/sam0/drivers/sercom/spi/spi_interrupt.o
                0x20000a4c                dummy_write
 *fill*         0x20000a4e        0x2 
 COMMON         0x20000a50        0x4 src/ASF/sam0/utils/stdio/read.o
                0x20000a50                ptr_get
 COMMON         0x20000a54        0x8 src/ASF/sam0/utils/stdio/write.o
                0x20000a54                ptr_put
                0x20000a58                stdio_base
 COMMON         0x20000a5c        0x8 src/ASF/thirdparty/fatfs/fatfs-port-r0.09/diskio.o
                0x20000a5c                rtc_instance
 COMMON         0x20000a64      0x293 src/BootMain.o
                0x20000a64                res4
                0x20000a65                res2
                0x20000a68                fs
                0x20000c98                file_object
                0x20000cbc                res1
                0x20000cc0                cdc_uart_module
                0x20000cf4                res3
                0x20000cf5                res
                0x20000cf6                status
 *fill*         0x20000cf7        0x1 
 COMMON         0x20000cf8        0x4 c:/program files (x86)/atmel/studio/7.0/toolchain/arm/arm-gnu-toolchain/bin/../lib/gcc/arm-none-eabi/6.3.1/../../../../arm-none-eabi/lib/thumb/v6-m\libc_nano.a(lib_a-reent.o)
                0x20000cf8                errno
                0x20000cfc                . = ALIGN (0x4)
                0x20000cfc                _ebss = .
                0x20000cfc                _ezero = .

.stack          0x20000cfc     0x2004 load address 0x000089b4
                0x20000d00                . = ALIGN (0x8)
 *fill*         0x20000cfc        0x4 
                0x20000d00                _sstack = .
                0x20002d00                . = (. + STACK_SIZE)
 *fill*         0x20000d00     0x2000 
                0x20002d00                . = ALIGN (0x8)
                0x20002d00                _estack = .
                0x20002d00                . = ALIGN (0x4)
                0x20002d00                _end = .
OUTPUT(ESE516 BOOTLOADER.elf elf32-littlearm)

.ARM.attributes
                0x00000000       0x28
 .ARM.attributes
                0x00000000       0x1e c:/program files (x86)/atmel/studio/7.0/toolchain/arm/arm-gnu-toolchain/bin/../lib/gcc/arm-none-eabi/6.3.1/thumb/v6-m/crti.o
 .ARM.attributes
                0x0000001e       0x2c c:/program files (x86)/atmel/studio/7.0/toolchain/arm/arm-gnu-toolchain/bin/../lib/gcc/arm-none-eabi/6.3.1/thumb/v6-m/crtbegin.o
 .ARM.attributes
                0x0000004a       0x32 src/ASF/common2/services/delay/sam0/systick_counter.o
 .ARM.attributes
                0x0000007c       0x32 src/Systick/Systick.o
 .ARM.attributes
                0x000000ae       0x32 src/ASF/sam0/boards/board_init.o
 .ARM.attributes
                0x000000e0       0x32 src/ASF/sam0/drivers/nvm/nvm.o
 .ARM.attributes
                0x00000112       0x32 src/SD Card/SdCard.o
 .ARM.attributes
                0x00000144       0x32 src/SerialConsole/circular_buffer.o
 .ARM.attributes
                0x00000176       0x32 src/SerialConsole/SerialConsole.o
 .ARM.attributes
                0x000001a8       0x32 src/ASF/common2/components/memory/sd_mmc/sd_mmc.o
 .ARM.attributes
                0x000001da       0x32 src/ASF/common2/components/memory/sd_mmc/sd_mmc_mem.o
 .ARM.attributes
                0x0000020c       0x32 src/ASF/common2/components/memory/sd_mmc/sd_mmc_spi.o
 .ARM.attributes
                0x0000023e       0x32 src/ASF/common/services/storage/ctrl_access/ctrl_access.o
 .ARM.attributes
                0x00000270       0x32 src/ASF/common/utils/interrupt/interrupt_sam_nvic.o
 .ARM.attributes
                0x000002a2       0x32 src/ASF/sam0/drivers/port/port.o
 .ARM.attributes
                0x000002d4       0x32 src/ASF/sam0/drivers/rtc/rtc_sam_d_r_h/rtc_calendar.o
 .ARM.attributes
                0x00000306       0x32 src/ASF/sam0/drivers/sercom/sercom.o
 .ARM.attributes
                0x00000338       0x32 src/ASF/sam0/drivers/sercom/sercom_interrupt.o
 .ARM.attributes
                0x0000036a       0x32 src/ASF/sam0/drivers/sercom/spi/spi.o
 .ARM.attributes
                0x0000039c       0x32 src/ASF/sam0/drivers/sercom/spi/spi_interrupt.o
 .ARM.attributes
                0x000003ce       0x32 src/ASF/sam0/drivers/sercom/usart/usart.o
 .ARM.attributes
                0x00000400       0x32 src/ASF/sam0/drivers/sercom/usart/usart_interrupt.o
 .ARM.attributes
                0x00000432       0x32 src/ASF/sam0/drivers/system/clock/clock_samd21_r21_da_ha1/clock.o
 .ARM.attributes
                0x00000464       0x32 src/ASF/sam0/drivers/system/clock/clock_samd21_r21_da_ha1/gclk.o
 .ARM.attributes
                0x00000496       0x32 src/ASF/sam0/drivers/system/pinmux/pinmux.o
 .ARM.attributes
                0x000004c8       0x32 src/ASF/sam0/drivers/system/system.o
 .ARM.attributes
                0x000004fa       0x32 src/ASF/sam0/utils/cmsis/samd21/source/gcc/startup_samd21.o
 .ARM.attributes
                0x0000052c       0x32 src/ASF/sam0/utils/stdio/read.o
 .ARM.attributes
                0x0000055e       0x32 src/ASF/sam0/utils/stdio/write.o
 .ARM.attributes
                0x00000590       0x32 src/ASF/sam0/utils/syscalls/gcc/syscalls.o
 .ARM.attributes
                0x000005c2       0x32 src/ASF/thirdparty/fatfs/fatfs-port-r0.09/diskio.o
 .ARM.attributes
                0x000005f4       0x32 src/ASF/thirdparty/fatfs/fatfs-port-r0.09/sam0/fattime_rtc.o
 .ARM.attributes
                0x00000626       0x32 src/ASF/thirdparty/fatfs/fatfs-r0.09/src/ff.o
 .ARM.attributes
                0x00000658       0x32 src/ASF/thirdparty/fatfs/fatfs-r0.09/src/option/ccsbcs.o
 .ARM.attributes
                0x0000068a       0x32 src/BootMain.o
 .ARM.attributes
                0x000006bc       0x1e c:/program files (x86)/atmel/studio/7.0/toolchain/arm/arm-gnu-toolchain/bin/../lib/gcc/arm-none-eabi/6.3.1/thumb/v6-m\libgcc.a(_udivsi3.o)
 .ARM.attributes
                0x000006da       0x1e c:/program files (x86)/atmel/studio/7.0/toolchain/arm/arm-gnu-toolchain/bin/../lib/gcc/arm-none-eabi/6.3.1/thumb/v6-m\libgcc.a(_divsi3.o)
 .ARM.attributes
                0x000006f8       0x1e c:/program files (x86)/atmel/studio/7.0/toolchain/arm/arm-gnu-toolchain/bin/../lib/gcc/arm-none-eabi/6.3.1/thumb/v6-m\libgcc.a(_dvmd_tls.o)
 .ARM.attributes
                0x00000716       0x2c c:/program files (x86)/atmel/studio/7.0/toolchain/arm/arm-gnu-toolchain/bin/../lib/gcc/arm-none-eabi/6.3.1/thumb/v6-m\libgcc.a(_muldi3.o)
 .ARM.attributes
                0x00000742       0x2c c:/program files (x86)/atmel/studio/7.0/toolchain/arm/arm-gnu-toolchain/bin/../lib/gcc/arm-none-eabi/6.3.1/../../../../arm-none-eabi/lib/thumb/v6-m\libc_nano.a(lib_a-impure.o)
 .ARM.attributes
                0x0000076e       0x2c c:/program files (x86)/atmel/studio/7.0/toolchain/arm/arm-gnu-toolchain/bin/../lib/gcc/arm-none-eabi/6.3.1/../../../../arm-none-eabi/lib/thumb/v6-m\libc_nano.a(lib_a-init.o)
 .ARM.attributes
                0x0000079a       0x2c c:/program files (x86)/atmel/studio/7.0/toolchain/arm/arm-gnu-toolchain/bin/../lib/gcc/arm-none-eabi/6.3.1/../../../../arm-none-eabi/lib/thumb/v6-m\libc_nano.a(lib_a-malloc.o)
 .ARM.attributes
                0x000007c6       0x2c c:/program files (x86)/atmel/studio/7.0/toolchain/arm/arm-gnu-toolchain/bin/../lib/gcc/arm-none-eabi/6.3.1/../../../../arm-none-eabi/lib/thumb/v6-m\libc_nano.a(lib_a-memset.o)
 .ARM.attributes
                0x000007f2       0x2c c:/program files (x86)/atmel/studio/7.0/toolchain/arm/arm-gnu-toolchain/bin/../lib/gcc/arm-none-eabi/6.3.1/../../../../arm-none-eabi/lib/thumb/v6-m\libc_nano.a(lib_a-nano-freer.o)
 .ARM.attributes
                0x0000081e       0x2c c:/program files (x86)/atmel/studio/7.0/toolchain/arm/arm-gnu-toolchain/bin/../lib/gcc/arm-none-eabi/6.3.1/../../../../arm-none-eabi/lib/thumb/v6-m\libc_nano.a(lib_a-nano-mallocr.o)
 .ARM.attributes
                0x0000084a       0x2c c:/program files (x86)/atmel/studio/7.0/toolchain/arm/arm-gnu-toolchain/bin/../lib/gcc/arm-none-eabi/6.3.1/../../../../arm-none-eabi/lib/thumb/v6-m\libc_nano.a(lib_a-sbrkr.o)
 .ARM.attributes
                0x00000876       0x2c c:/program files (x86)/atmel/studio/7.0/toolchain/arm/arm-gnu-toolchain/bin/../lib/gcc/arm-none-eabi/6.3.1/../../../../arm-none-eabi/lib/thumb/v6-m\libc_nano.a(lib_a-setbuf.o)
 .ARM.attributes
                0x000008a2       0x2c c:/program files (x86)/atmel/studio/7.0/toolchain/arm/arm-gnu-toolchain/bin/../lib/gcc/arm-none-eabi/6.3.1/../../../../arm-none-eabi/lib/thumb/v6-m\libc_nano.a(lib_a-setvbuf.o)
 .ARM.attributes
                0x000008ce       0x2c c:/program files (x86)/atmel/studio/7.0/toolchain/arm/arm-gnu-toolchain/bin/../lib/gcc/arm-none-eabi/6.3.1/../../../../arm-none-eabi/lib/thumb/v6-m\libc_nano.a(lib_a-snprintf.o)
 .ARM.attributes
                0x000008fa       0x1c c:/program files (x86)/atmel/studio/7.0/toolchain/arm/arm-gnu-toolchain/bin/../lib/gcc/arm-none-eabi/6.3.1/../../../../arm-none-eabi/lib/thumb/v6-m\libc_nano.a(lib_a-strlen.o)
 .ARM.attributes
                0x00000916       0x2c c:/program files (x86)/atmel/studio/7.0/toolchain/arm/arm-gnu-toolchain/bin/../lib/gcc/arm-none-eabi/6.3.1/../../../../arm-none-eabi/lib/thumb/v6-m\libc_nano.a(lib_a-fflush.o)
 .ARM.attributes
                0x00000942       0x2c c:/program files (x86)/atmel/studio/7.0/toolchain/arm/arm-gnu-toolchain/bin/../lib/gcc/arm-none-eabi/6.3.1/../../../../arm-none-eabi/lib/thumb/v6-m\libc_nano.a(lib_a-findfp.o)
 .ARM.attributes
                0x0000096e       0x2c c:/program files (x86)/atmel/studio/7.0/toolchain/arm/arm-gnu-toolchain/bin/../lib/gcc/arm-none-eabi/6.3.1/../../../../arm-none-eabi/lib/thumb/v6-m\libc_nano.a(lib_a-fwalk.o)
 .ARM.attributes
                0x0000099a       0x2c c:/program files (x86)/atmel/studio/7.0/toolchain/arm/arm-gnu-toolchain/bin/../lib/gcc/arm-none-eabi/6.3.1/../../../../arm-none-eabi/lib/thumb/v6-m\libc_nano.a(lib_a-makebuf.o)
 .ARM.attributes
                0x000009c6       0x2c c:/program files (x86)/atmel/studio/7.0/toolchain/arm/arm-gnu-toolchain/bin/../lib/gcc/arm-none-eabi/6.3.1/../../../../arm-none-eabi/lib/thumb/v6-m\libc_nano.a(lib_a-mlock.o)
 .ARM.attributes
                0x000009f2       0x2c c:/program files (x86)/atmel/studio/7.0/toolchain/arm/arm-gnu-toolchain/bin/../lib/gcc/arm-none-eabi/6.3.1/../../../../arm-none-eabi/lib/thumb/v6-m\libc_nano.a(lib_a-nano-svfprintf.o)
 .ARM.attributes
                0x00000a1e       0x2c c:/program files (x86)/atmel/studio/7.0/toolchain/arm/arm-gnu-toolchain/bin/../lib/gcc/arm-none-eabi/6.3.1/../../../../arm-none-eabi/lib/thumb/v6-m\libc_nano.a(lib_a-nano-vfprintf_i.o)
 .ARM.attributes
                0x00000a4a       0x2c c:/program files (x86)/atmel/studio/7.0/toolchain/arm/arm-gnu-toolchain/bin/../lib/gcc/arm-none-eabi/6.3.1/../../../../arm-none-eabi/lib/thumb/v6-m\libc_nano.a(lib_a-reent.o)
 .ARM.attributes
                0x00000a76       0x2c c:/program files (x86)/atmel/studio/7.0/toolchain/arm/arm-gnu-toolchain/bin/../lib/gcc/arm-none-eabi/6.3.1/../../../../arm-none-eabi/lib/thumb/v6-m\libc_nano.a(lib_a-stdio.o)
 .ARM.attributes
                0x00000aa2       0x2c c:/program files (x86)/atmel/studio/7.0/toolchain/arm/arm-gnu-toolchain/bin/../lib/gcc/arm-none-eabi/6.3.1/../../../../arm-none-eabi/lib/thumb/v6-m\libc_nano.a(lib_a-writer.o)
 .ARM.attributes
                0x00000ace       0x2c c:/program files (x86)/atmel/studio/7.0/toolchain/arm/arm-gnu-toolchain/bin/../lib/gcc/arm-none-eabi/6.3.1/../../../../arm-none-eabi/lib/thumb/v6-m\libc_nano.a(lib_a-closer.o)
 .ARM.attributes
                0x00000afa       0x2c c:/program files (x86)/atmel/studio/7.0/toolchain/arm/arm-gnu-toolchain/bin/../lib/gcc/arm-none-eabi/6.3.1/../../../../arm-none-eabi/lib/thumb/v6-m\libc_nano.a(lib_a-fstatr.o)
 .ARM.attributes
                0x00000b26       0x2c c:/program files (x86)/atmel/studio/7.0/toolchain/arm/arm-gnu-toolchain/bin/../lib/gcc/arm-none-eabi/6.3.1/../../../../arm-none-eabi/lib/thumb/v6-m\libc_nano.a(lib_a-lseekr.o)
 .ARM.attributes
                0x00000b52       0x2c c:/program files (x86)/atmel/studio/7.0/toolchain/arm/arm-gnu-toolchain/bin/../lib/gcc/arm-none-eabi/6.3.1/../../../../arm-none-eabi/lib/thumb/v6-m\libc_nano.a(lib_a-memchr-stub.o)
 .ARM.attributes
                0x00000b7e       0x2c c:/program files (x86)/atmel/studio/7.0/toolchain/arm/arm-gnu-toolchain/bin/../lib/gcc/arm-none-eabi/6.3.1/../../../../arm-none-eabi/lib/thumb/v6-m\libc_nano.a(lib_a-memcpy-stub.o)
 .ARM.attributes
                0x00000baa       0x2c c:/program files (x86)/atmel/studio/7.0/toolchain/arm/arm-gnu-toolchain/bin/../lib/gcc/arm-none-eabi/6.3.1/../../../../arm-none-eabi/lib/thumb/v6-m\libc_nano.a(lib_a-memmove.o)
 .ARM.attributes
                0x00000bd6       0x2c c:/program files (x86)/atmel/studio/7.0/toolchain/arm/arm-gnu-toolchain/bin/../lib/gcc/arm-none-eabi/6.3.1/../../../../arm-none-eabi/lib/thumb/v6-m\libc_nano.a(lib_a-nano-reallocr.o)
 .ARM.attributes
                0x00000c02       0x2c c:/program files (x86)/atmel/studio/7.0/toolchain/arm/arm-gnu-toolchain/bin/../lib/gcc/arm-none-eabi/6.3.1/../../../../arm-none-eabi/lib/thumb/v6-m\libc_nano.a(lib_a-readr.o)
 .ARM.attributes
                0x00000c2e       0x2c c:/program files (x86)/atmel/studio/7.0/toolchain/arm/arm-gnu-toolchain/bin/../lib/gcc/arm-none-eabi/6.3.1/../../../../arm-none-eabi/lib/thumb/v6-m\libc_nano.a(lib_a-nano-msizer.o)
 .ARM.attributes
                0x00000c5a       0x1e c:/program files (x86)/atmel/studio/7.0/toolchain/arm/arm-gnu-toolchain/bin/../lib/gcc/arm-none-eabi/6.3.1/thumb/v6-m/crtn.o

.comment        0x00000000       0x59
 .comment       0x00000000       0x59 src/ASF/common2/services/delay/sam0/systick_counter.o
                                 0x5a (size before relaxing)
 .comment       0x00000059       0x5a src/Systick/Systick.o
 .comment       0x00000059       0x5a src/ASF/sam0/boards/board_init.o
 .comment       0x00000059       0x5a src/ASF/sam0/drivers/nvm/nvm.o
 .comment       0x00000059       0x5a src/SD Card/SdCard.o
 .comment       0x00000059       0x5a src/SerialConsole/circular_buffer.o
 .comment       0x00000059       0x5a src/SerialConsole/SerialConsole.o
 .comment       0x00000059       0x5a src/ASF/common2/components/memory/sd_mmc/sd_mmc.o
 .comment       0x00000059       0x5a src/ASF/common2/components/memory/sd_mmc/sd_mmc_mem.o
 .comment       0x00000059       0x5a src/ASF/common2/components/memory/sd_mmc/sd_mmc_spi.o
 .comment       0x00000059       0x5a src/ASF/common/services/storage/ctrl_access/ctrl_access.o
 .comment       0x00000059       0x5a src/ASF/common/utils/interrupt/interrupt_sam_nvic.o
 .comment       0x00000059       0x5a src/ASF/sam0/drivers/port/port.o
 .comment       0x00000059       0x5a src/ASF/sam0/drivers/rtc/rtc_sam_d_r_h/rtc_calendar.o
 .comment       0x00000059       0x5a src/ASF/sam0/drivers/sercom/sercom.o
 .comment       0x00000059       0x5a src/ASF/sam0/drivers/sercom/sercom_interrupt.o
 .comment       0x00000059       0x5a src/ASF/sam0/drivers/sercom/spi/spi.o
 .comment       0x00000059       0x5a src/ASF/sam0/drivers/sercom/spi/spi_interrupt.o
 .comment       0x00000059       0x5a src/ASF/sam0/drivers/sercom/usart/usart.o
 .comment       0x00000059       0x5a src/ASF/sam0/drivers/sercom/usart/usart_interrupt.o
 .comment       0x00000059       0x5a src/ASF/sam0/drivers/system/clock/clock_samd21_r21_da_ha1/clock.o
 .comment       0x00000059       0x5a src/ASF/sam0/drivers/system/clock/clock_samd21_r21_da_ha1/gclk.o
 .comment       0x00000059       0x5a src/ASF/sam0/drivers/system/pinmux/pinmux.o
 .comment       0x00000059       0x5a src/ASF/sam0/drivers/system/system.o
 .comment       0x00000059       0x5a src/ASF/sam0/utils/cmsis/samd21/source/gcc/startup_samd21.o
 .comment       0x00000059       0x5a src/ASF/sam0/utils/stdio/read.o
 .comment       0x00000059       0x5a src/ASF/sam0/utils/stdio/write.o
 .comment       0x00000059       0x5a src/ASF/sam0/utils/syscalls/gcc/syscalls.o
 .comment       0x00000059       0x5a src/ASF/thirdparty/fatfs/fatfs-port-r0.09/diskio.o
 .comment       0x00000059       0x5a src/ASF/thirdparty/fatfs/fatfs-port-r0.09/sam0/fattime_rtc.o
 .comment       0x00000059       0x5a src/ASF/thirdparty/fatfs/fatfs-r0.09/src/ff.o
 .comment       0x00000059       0x5a src/ASF/thirdparty/fatfs/fatfs-r0.09/src/option/ccsbcs.o
 .comment       0x00000059       0x5a src/BootMain.o

.debug_info     0x00000000    0x4887e
 .debug_info    0x00000000      0xb8d src/ASF/common2/services/delay/sam0/systick_counter.o
 .debug_info    0x00000b8d      0xf2f src/Systick/Systick.o
 .debug_info    0x00001abc     0x12ad src/ASF/sam0/boards/board_init.o
 .debug_info    0x00002d69     0x2622 src/ASF/sam0/drivers/nvm/nvm.o
 .debug_info    0x0000538b      0xb81 src/SD Card/SdCard.o
 .debug_info    0x00005f0c      0xd6e src/SerialConsole/circular_buffer.o
 .debug_info    0x00006c7a     0x3acd src/SerialConsole/SerialConsole.o
 .debug_info    0x0000a747     0x1eac src/ASF/common2/components/memory/sd_mmc/sd_mmc.o
 .debug_info    0x0000c5f3     0x1180 src/ASF/common2/components/memory/sd_mmc/sd_mmc_mem.o
 .debug_info    0x0000d773     0x47f9 src/ASF/common2/components/memory/sd_mmc/sd_mmc_spi.o
 .debug_info    0x00011f6c      0xf2a src/ASF/common/services/storage/ctrl_access/ctrl_access.o
 .debug_info    0x00012e96      0xb07 src/ASF/common/utils/interrupt/interrupt_sam_nvic.o
 .debug_info    0x0001399d     0x12b6 src/ASF/sam0/drivers/port/port.o
 .debug_info    0x00014c53     0x3335 src/ASF/sam0/drivers/rtc/rtc_sam_d_r_h/rtc_calendar.o
 .debug_info    0x00017f88     0x2dd3 src/ASF/sam0/drivers/sercom/sercom.o
 .debug_info    0x0001ad5b     0x2bcf src/ASF/sam0/drivers/sercom/sercom_interrupt.o
 .debug_info    0x0001d92a     0x5ee5 src/ASF/sam0/drivers/sercom/spi/spi.o
 .debug_info    0x0002380f     0x31a3 src/ASF/sam0/drivers/sercom/spi/spi_interrupt.o
 .debug_info    0x000269b2     0x4ab0 src/ASF/sam0/drivers/sercom/usart/usart.o
 .debug_info    0x0002b462     0x3048 src/ASF/sam0/drivers/sercom/usart/usart_interrupt.o
 .debug_info    0x0002e4aa     0x39d4 src/ASF/sam0/drivers/system/clock/clock_samd21_r21_da_ha1/clock.o
 .debug_info    0x00031e7e     0x1ec7 src/ASF/sam0/drivers/system/clock/clock_samd21_r21_da_ha1/gclk.o
 .debug_info    0x00033d45     0x13f3 src/ASF/sam0/drivers/system/pinmux/pinmux.o
 .debug_info    0x00035138      0xa73 src/ASF/sam0/drivers/system/system.o
 .debug_info    0x00035bab     0x3a3f src/ASF/sam0/utils/cmsis/samd21/source/gcc/startup_samd21.o
 .debug_info    0x000395ea      0xacf src/ASF/sam0/utils/stdio/read.o
 .debug_info    0x0003a0b9      0xacc src/ASF/sam0/utils/stdio/write.o
 .debug_info    0x0003ab85      0xd98 src/ASF/sam0/utils/syscalls/gcc/syscalls.o
 .debug_info    0x0003b91d     0x2552 src/ASF/thirdparty/fatfs/fatfs-port-r0.09/diskio.o
 .debug_info    0x0003de6f     0x1f26 src/ASF/thirdparty/fatfs/fatfs-port-r0.09/sam0/fattime_rtc.o
 .debug_info    0x0003fd95     0x3408 src/ASF/thirdparty/fatfs/fatfs-r0.09/src/ff.o
 .debug_info    0x0004319d      0x16d src/ASF/thirdparty/fatfs/fatfs-r0.09/src/option/ccsbcs.o
 .debug_info    0x0004330a     0x5574 src/BootMain.o

.debug_abbrev   0x00000000     0x6c11
 .debug_abbrev  0x00000000      0x24b src/ASF/common2/services/delay/sam0/systick_counter.o
 .debug_abbrev  0x0000024b      0x283 src/Systick/Systick.o
 .debug_abbrev  0x000004ce      0x2dc src/ASF/sam0/boards/board_init.o
 .debug_abbrev  0x000007aa      0x491 src/ASF/sam0/drivers/nvm/nvm.o
 .debug_abbrev  0x00000c3b      0x21b src/SD Card/SdCard.o
 .debug_abbrev  0x00000e56      0x2db src/SerialConsole/circular_buffer.o
 .debug_abbrev  0x00001131      0x4e7 src/SerialConsole/SerialConsole.o
 .debug_abbrev  0x00001618      0x3e4 src/ASF/common2/components/memory/sd_mmc/sd_mmc.o
 .debug_abbrev  0x000019fc      0x2fd src/ASF/common2/components/memory/sd_mmc/sd_mmc_mem.o
 .debug_abbrev  0x00001cf9      0x51b src/ASF/common2/components/memory/sd_mmc/sd_mmc_spi.o
 .debug_abbrev  0x00002214      0x29f src/ASF/common/services/storage/ctrl_access/ctrl_access.o
 .debug_abbrev  0x000024b3      0x22c src/ASF/common/utils/interrupt/interrupt_sam_nvic.o
 .debug_abbrev  0x000026df      0x298 src/ASF/sam0/drivers/port/port.o
 .debug_abbrev  0x00002977      0x4c8 src/ASF/sam0/drivers/rtc/rtc_sam_d_r_h/rtc_calendar.o
 .debug_abbrev  0x00002e3f      0x378 src/ASF/sam0/drivers/sercom/sercom.o
 .debug_abbrev  0x000031b7      0x2d8 src/ASF/sam0/drivers/sercom/sercom_interrupt.o
 .debug_abbrev  0x0000348f      0x510 src/ASF/sam0/drivers/sercom/spi/spi.o
 .debug_abbrev  0x0000399f      0x3fd src/ASF/sam0/drivers/sercom/spi/spi_interrupt.o
 .debug_abbrev  0x00003d9c      0x488 src/ASF/sam0/drivers/sercom/usart/usart.o
 .debug_abbrev  0x00004224      0x416 src/ASF/sam0/drivers/sercom/usart/usart_interrupt.o
 .debug_abbrev  0x0000463a      0x493 src/ASF/sam0/drivers/system/clock/clock_samd21_r21_da_ha1/clock.o
 .debug_abbrev  0x00004acd      0x40d src/ASF/sam0/drivers/system/clock/clock_samd21_r21_da_ha1/gclk.o
 .debug_abbrev  0x00004eda      0x361 src/ASF/sam0/drivers/system/pinmux/pinmux.o
 .debug_abbrev  0x0000523b      0x1e1 src/ASF/sam0/drivers/system/system.o
 .debug_abbrev  0x0000541c      0x234 src/ASF/sam0/utils/cmsis/samd21/source/gcc/startup_samd21.o
 .debug_abbrev  0x00005650      0x218 src/ASF/sam0/utils/stdio/read.o
 .debug_abbrev  0x00005868      0x203 src/ASF/sam0/utils/stdio/write.o
 .debug_abbrev  0x00005a6b      0x257 src/ASF/sam0/utils/syscalls/gcc/syscalls.o
 .debug_abbrev  0x00005cc2      0x400 src/ASF/thirdparty/fatfs/fatfs-port-r0.09/diskio.o
 .debug_abbrev  0x000060c2      0x260 src/ASF/thirdparty/fatfs/fatfs-port-r0.09/sam0/fattime_rtc.o
 .debug_abbrev  0x00006322      0x361 src/ASF/thirdparty/fatfs/fatfs-r0.09/src/ff.o
 .debug_abbrev  0x00006683       0xc7 src/ASF/thirdparty/fatfs/fatfs-r0.09/src/option/ccsbcs.o
 .debug_abbrev  0x0000674a      0x4c7 src/BootMain.o

.debug_loc      0x00000000    0x10aad
 .debug_loc     0x00000000       0xe4 src/ASF/common2/services/delay/sam0/systick_counter.o
 .debug_loc     0x000000e4       0x5e src/Systick/Systick.o
 .debug_loc     0x00000142       0x8a src/ASF/sam0/boards/board_init.o
 .debug_loc     0x000001cc     0x10c4 src/ASF/sam0/drivers/nvm/nvm.o
 .debug_loc     0x00001290       0x7d src/SD Card/SdCard.o
 .debug_loc     0x0000130d      0x387 src/SerialConsole/circular_buffer.o
 .debug_loc     0x00001694      0x40b src/SerialConsole/SerialConsole.o
 .debug_loc     0x00001a9f      0xf94 src/ASF/common2/components/memory/sd_mmc/sd_mmc.o
 .debug_loc     0x00002a33      0x615 src/ASF/common2/components/memory/sd_mmc/sd_mmc_mem.o
 .debug_loc     0x00003048      0x98f src/ASF/common2/components/memory/sd_mmc/sd_mmc_spi.o
 .debug_loc     0x000039d7      0x4a8 src/ASF/common/services/storage/ctrl_access/ctrl_access.o
 .debug_loc     0x00003e7f      0x13d src/ASF/sam0/drivers/port/port.o
 .debug_loc     0x00003fbc      0x945 src/ASF/sam0/drivers/rtc/rtc_sam_d_r_h/rtc_calendar.o
 .debug_loc     0x00004901      0x9d5 src/ASF/sam0/drivers/sercom/sercom.o
 .debug_loc     0x000052d6      0x161 src/ASF/sam0/drivers/sercom/sercom_interrupt.o
 .debug_loc     0x00005437     0x19c3 src/ASF/sam0/drivers/sercom/spi/spi.o
 .debug_loc     0x00006dfa      0x632 src/ASF/sam0/drivers/sercom/spi/spi_interrupt.o
 .debug_loc     0x0000742c      0xe2f src/ASF/sam0/drivers/sercom/usart/usart.o
 .debug_loc     0x0000825b      0x711 src/ASF/sam0/drivers/sercom/usart/usart_interrupt.o
 .debug_loc     0x0000896c      0xf7d src/ASF/sam0/drivers/system/clock/clock_samd21_r21_da_ha1/clock.o
 .debug_loc     0x000098e9      0x504 src/ASF/sam0/drivers/system/clock/clock_samd21_r21_da_ha1/gclk.o
 .debug_loc     0x00009ded      0x36d src/ASF/sam0/drivers/system/pinmux/pinmux.o
 .debug_loc     0x0000a15a       0x20 src/ASF/sam0/drivers/system/system.o
 .debug_loc     0x0000a17a       0x40 src/ASF/sam0/utils/cmsis/samd21/source/gcc/startup_samd21.o
 .debug_loc     0x0000a1ba       0xca src/ASF/sam0/utils/stdio/read.o
 .debug_loc     0x0000a284      0x130 src/ASF/sam0/utils/stdio/write.o
 .debug_loc     0x0000a3b4       0xef src/ASF/sam0/utils/syscalls/gcc/syscalls.o
 .debug_loc     0x0000a4a3      0x645 src/ASF/thirdparty/fatfs/fatfs-port-r0.09/diskio.o
 .debug_loc     0x0000aae8       0x2c src/ASF/thirdparty/fatfs/fatfs-port-r0.09/sam0/fattime_rtc.o
 .debug_loc     0x0000ab14     0x5a94 src/ASF/thirdparty/fatfs/fatfs-r0.09/src/ff.o
 .debug_loc     0x000105a8      0x109 src/ASF/thirdparty/fatfs/fatfs-r0.09/src/option/ccsbcs.o
 .debug_loc     0x000106b1      0x3fc src/BootMain.o

.debug_aranges  0x00000000      0xb80
 .debug_aranges
                0x00000000       0x30 src/ASF/common2/services/delay/sam0/systick_counter.o
 .debug_aranges
                0x00000030       0x30 src/Systick/Systick.o
 .debug_aranges
                0x00000060       0x20 src/ASF/sam0/boards/board_init.o
 .debug_aranges
                0x00000080       0x68 src/ASF/sam0/drivers/nvm/nvm.o
 .debug_aranges
                0x000000e8       0x20 src/SD Card/SdCard.o
 .debug_aranges
                0x00000108       0x70 src/SerialConsole/circular_buffer.o
 .debug_aranges
                0x00000178       0x70 src/SerialConsole/SerialConsole.o
 .debug_aranges
                0x000001e8       0xa8 src/ASF/common2/components/memory/sd_mmc/sd_mmc.o
 .debug_aranges
                0x00000290       0xc0 src/ASF/common2/components/memory/sd_mmc/sd_mmc_mem.o
 .debug_aranges
                0x00000350       0xb8 src/ASF/common2/components/memory/sd_mmc/sd_mmc_spi.o
 .debug_aranges
                0x00000408       0x70 src/ASF/common/services/storage/ctrl_access/ctrl_access.o
 .debug_aranges
                0x00000478       0x28 src/ASF/common/utils/interrupt/interrupt_sam_nvic.o
 .debug_aranges
                0x000004a0       0x28 src/ASF/sam0/drivers/port/port.o
 .debug_aranges
                0x000004c8       0x78 src/ASF/sam0/drivers/rtc/rtc_sam_d_r_h/rtc_calendar.o
 .debug_aranges
                0x00000540       0x48 src/ASF/sam0/drivers/sercom/sercom.o
 .debug_aranges
                0x00000588       0x60 src/ASF/sam0/drivers/sercom/sercom_interrupt.o
 .debug_aranges
                0x000005e8       0x58 src/ASF/sam0/drivers/sercom/spi/spi.o
 .debug_aranges
                0x00000640       0x50 src/ASF/sam0/drivers/sercom/spi/spi_interrupt.o
 .debug_aranges
                0x00000690       0x40 src/ASF/sam0/drivers/sercom/usart/usart.o
 .debug_aranges
                0x000006d0       0x70 src/ASF/sam0/drivers/sercom/usart/usart_interrupt.o
 .debug_aranges
                0x00000740       0x78 src/ASF/sam0/drivers/system/clock/clock_samd21_r21_da_ha1/clock.o
 .debug_aranges
                0x000007b8       0x80 src/ASF/sam0/drivers/system/clock/clock_samd21_r21_da_ha1/gclk.o
 .debug_aranges
                0x00000838       0x40 src/ASF/sam0/drivers/system/pinmux/pinmux.o
 .debug_aranges
                0x00000878       0x28 src/ASF/sam0/drivers/system/system.o
 .debug_aranges
                0x000008a0       0x28 src/ASF/sam0/utils/cmsis/samd21/source/gcc/startup_samd21.o
 .debug_aranges
                0x000008c8       0x20 src/ASF/sam0/utils/stdio/read.o
 .debug_aranges
                0x000008e8       0x20 src/ASF/sam0/utils/stdio/write.o
 .debug_aranges
                0x00000908       0x60 src/ASF/sam0/utils/syscalls/gcc/syscalls.o
 .debug_aranges
                0x00000968       0x40 src/ASF/thirdparty/fatfs/fatfs-port-r0.09/diskio.o
 .debug_aranges
                0x000009a8       0x20 src/ASF/thirdparty/fatfs/fatfs-port-r0.09/sam0/fattime_rtc.o
 .debug_aranges
                0x000009c8      0x170 src/ASF/thirdparty/fatfs/fatfs-r0.09/src/ff.o
 .debug_aranges
                0x00000b38       0x28 src/ASF/thirdparty/fatfs/fatfs-r0.09/src/option/ccsbcs.o
 .debug_aranges
                0x00000b60       0x20 src/BootMain.o

.debug_ranges   0x00000000     0x1140
 .debug_ranges  0x00000000       0x50 src/ASF/common2/services/delay/sam0/systick_counter.o
 .debug_ranges  0x00000050       0x20 src/Systick/Systick.o
 .debug_ranges  0x00000070       0x10 src/ASF/sam0/boards/board_init.o
 .debug_ranges  0x00000080      0x118 src/ASF/sam0/drivers/nvm/nvm.o
 .debug_ranges  0x00000198       0x10 src/SD Card/SdCard.o
 .debug_ranges  0x000001a8       0x60 src/SerialConsole/circular_buffer.o
 .debug_ranges  0x00000208       0x60 src/SerialConsole/SerialConsole.o
 .debug_ranges  0x00000268      0x1d8 src/ASF/common2/components/memory/sd_mmc/sd_mmc.o
 .debug_ranges  0x00000440       0xb0 src/ASF/common2/components/memory/sd_mmc/sd_mmc_mem.o
 .debug_ranges  0x000004f0       0xa8 src/ASF/common2/components/memory/sd_mmc/sd_mmc_spi.o
 .debug_ranges  0x00000598       0x60 src/ASF/common/services/storage/ctrl_access/ctrl_access.o
 .debug_ranges  0x000005f8       0x18 src/ASF/common/utils/interrupt/interrupt_sam_nvic.o
 .debug_ranges  0x00000610       0x18 src/ASF/sam0/drivers/port/port.o
 .debug_ranges  0x00000628       0xb0 src/ASF/sam0/drivers/rtc/rtc_sam_d_r_h/rtc_calendar.o
 .debug_ranges  0x000006d8       0x50 src/ASF/sam0/drivers/sercom/sercom.o
 .debug_ranges  0x00000728       0x50 src/ASF/sam0/drivers/sercom/sercom_interrupt.o
 .debug_ranges  0x00000778      0x240 src/ASF/sam0/drivers/sercom/spi/spi.o
 .debug_ranges  0x000009b8       0xb8 src/ASF/sam0/drivers/sercom/spi/spi_interrupt.o
 .debug_ranges  0x00000a70      0x140 src/ASF/sam0/drivers/sercom/usart/usart.o
 .debug_ranges  0x00000bb0       0x60 src/ASF/sam0/drivers/sercom/usart/usart_interrupt.o
 .debug_ranges  0x00000c10       0x68 src/ASF/sam0/drivers/system/clock/clock_samd21_r21_da_ha1/clock.o
 .debug_ranges  0x00000c78       0x88 src/ASF/sam0/drivers/system/clock/clock_samd21_r21_da_ha1/gclk.o
 .debug_ranges  0x00000d00       0x30 src/ASF/sam0/drivers/system/pinmux/pinmux.o
 .debug_ranges  0x00000d30       0x18 src/ASF/sam0/drivers/system/system.o
 .debug_ranges  0x00000d48       0x18 src/ASF/sam0/utils/cmsis/samd21/source/gcc/startup_samd21.o
 .debug_ranges  0x00000d60       0x10 src/ASF/sam0/utils/stdio/read.o
 .debug_ranges  0x00000d70       0x10 src/ASF/sam0/utils/stdio/write.o
 .debug_ranges  0x00000d80       0x50 src/ASF/sam0/utils/syscalls/gcc/syscalls.o
 .debug_ranges  0x00000dd0       0x30 src/ASF/thirdparty/fatfs/fatfs-port-r0.09/diskio.o
 .debug_ranges  0x00000e00       0x10 src/ASF/thirdparty/fatfs/fatfs-port-r0.09/sam0/fattime_rtc.o
 .debug_ranges  0x00000e10      0x260 src/ASF/thirdparty/fatfs/fatfs-r0.09/src/ff.o
 .debug_ranges  0x00001070       0x18 src/ASF/thirdparty/fatfs/fatfs-r0.09/src/option/ccsbcs.o
 .debug_ranges  0x00001088       0xb8 src/BootMain.o

.debug_macro    0x00000000    0x20e2e
 .debug_macro   0x00000000      0x539 src/ASF/common2/services/delay/sam0/systick_counter.o
 .debug_macro   0x00000539      0x8d4 src/ASF/common2/services/delay/sam0/systick_counter.o
 .debug_macro   0x00000e0d      0x16d src/ASF/common2/services/delay/sam0/systick_counter.o
 .debug_macro   0x00000f7a      0x6d7 src/ASF/common2/services/delay/sam0/systick_counter.o
 .debug_macro   0x00001651       0x22 src/ASF/common2/services/delay/sam0/systick_counter.o
 .debug_macro   0x00001673       0x87 src/ASF/common2/services/delay/sam0/systick_counter.o
 .debug_macro   0x000016fa       0x51 src/ASF/common2/services/delay/sam0/systick_counter.o
 .debug_macro   0x0000174b       0xef src/ASF/common2/services/delay/sam0/systick_counter.o
 .debug_macro   0x0000183a       0x6a src/ASF/common2/services/delay/sam0/systick_counter.o
 .debug_macro   0x000018a4      0x1df src/ASF/common2/services/delay/sam0/systick_counter.o
 .debug_macro   0x00001a83       0x10 src/ASF/common2/services/delay/sam0/systick_counter.o
 .debug_macro   0x00001a93       0x76 src/ASF/common2/services/delay/sam0/systick_counter.o
 .debug_macro   0x00001b09       0x16 src/ASF/common2/services/delay/sam0/systick_counter.o
 .debug_macro   0x00001b1f      0x6db src/ASF/common2/services/delay/sam0/systick_counter.o
 .debug_macro   0x000021fa      0xdd8 src/ASF/common2/services/delay/sam0/systick_counter.o
 .debug_macro   0x00002fd2       0x22 src/ASF/common2/services/delay/sam0/systick_counter.o
 .debug_macro   0x00002ff4       0x40 src/ASF/common2/services/delay/sam0/systick_counter.o
 .debug_macro   0x00003034       0x3a src/ASF/common2/services/delay/sam0/systick_counter.o
 .debug_macro   0x0000306e       0x1f src/ASF/common2/services/delay/sam0/systick_counter.o
 .debug_macro   0x0000308d      0x250 src/ASF/common2/services/delay/sam0/systick_counter.o
 .debug_macro   0x000032dd      0x681 src/ASF/common2/services/delay/sam0/systick_counter.o
 .debug_macro   0x0000395e      0x8b5 src/ASF/common2/services/delay/sam0/systick_counter.o